{"logTime": "0416/165006", "correlationVector":"BRlZ3Qc66A+On0MsybD5fX.5","action":"GetUpdates Response", "result":"Success", "context":Received 250 update(s). cV=BRlZ3Qc66A+On0MsybD5fX.0;server=akswtt000000007;cloudType=Consumer;environment=Prod_southeastasia_prod-s01-064-apac-southeastasia;migrationStage=NotStarted Some updates remain.}
{"logTime": "0416/165006", "correlationVector":"9Wm1tJFi3si0FXP34ICxnN","action":"Initial GetUpdates", "result":"", "context":Reason: NEWLY_SUPPORTED_DATATYPE. cV=9Wm1tJFi3si0FXP34ICxnN}
{"logTime": "0416/165007", "correlationVector":"9Wm1tJFi3si0FXP34ICxnN.1","action":"SyncServerConnectionManagerRequest", "result":"SYNC_SERVER_OK", "context":{"environment":"Prod_southeastasia_prod-s01-064-apac-southeastasia", "migrationStage":"NotStarted", "server":"akswtt000000008"}}
{"logTime": "0416/165007", "correlationVector":"9Wm1tJFi3si0FXP34ICxnN.2","action":"ProcessGetUpdates", "result":"Done", "context":{"dataType":"Autofill Profiles", "deleted":"0", "process_failed_to_decrypt":"0", "process_pending_decryption":"0", "process_success":"1", "total":"1"}}
{"logTime": "0416/165007", "correlationVector":"9Wm1tJFi3si0FXP34ICxnN.3","action":"ProcessGetUpdates", "result":"Done", "context":{"dataType":"Autofill", "deleted":"0", "process_failed_to_decrypt":"0", "process_pending_decryption":"0", "process_success":"24", "total":"24"}}
{"logTime": "0416/165007", "correlationVector":"9Wm1tJFi3si0FXP34ICxnN.4","action":"ProcessGetUpdates", "result":"Done", "context":{"dataType":"Sessions", "deleted":"222", "process_failed_to_decrypt":"0", "process_pending_decryption":"0", "process_success":"222", "total":"222"}}
{"logTime": "0416/165007", "correlationVector":"9Wm1tJFi3si0FXP34ICxnN.5","action":"ProcessGetUpdates", "result":"Done", "context":{"dataType":"Edge Hub App Usage", "deleted":"3", "process_failed_to_decrypt":"0", "process_pending_decryption":"0", "process_success":"3", "total":"3"}}
{"logTime": "0416/165007", "correlationVector":"9Wm1tJFi3si0FXP34ICxnN.6","action":"GetUpdates Response", "result":"Success", "context":Received 250 update(s). cV=9Wm1tJFi3si0FXP34ICxnN.0;server=akswtt000000008;cloudType=Consumer;environment=Prod_southeastasia_prod-s01-064-apac-southeastasia;migrationStage=NotStarted Some updates remain.}
{"logTime": "0416/165007", "correlationVector":"3VJK6zUyV+LfjLO7ThKKuI","action":"Initial GetUpdates", "result":"", "context":Reason: NEWLY_SUPPORTED_DATATYPE. cV=3VJK6zUyV+LfjLO7ThKKuI}
{"logTime": "0416/165008", "correlationVector":"3VJK6zUyV+LfjLO7ThKKuI.1","action":"SyncServerConnectionManagerRequest", "result":"SYNC_SERVER_OK", "context":{"environment":"Prod_southeastasia_prod-s01-064-apac-southeastasia", "migrationStage":"NotStarted", "server":"akswtt00000000l"}}
{"logTime": "0416/165008", "correlationVector":"3VJK6zUyV+LfjLO7ThKKuI.2","action":"ProcessGetUpdates", "result":"Done", "context":{"dataType":"Autofill", "deleted":"0", "process_failed_to_decrypt":"0", "process_pending_decryption":"0", "process_success":"10", "total":"10"}}
{"logTime": "0416/165008", "correlationVector":"3VJK6zUyV+LfjLO7ThKKuI.3","action":"ProcessGetUpdates", "result":"Done", "context":{"dataType":"Sessions", "deleted":"239", "process_failed_to_decrypt":"0", "process_pending_decryption":"0", "process_success":"239", "total":"239"}}
{"logTime": "0416/165008", "correlationVector":"3VJK6zUyV+LfjLO7ThKKuI.4","action":"ProcessGetUpdates", "result":"Done", "context":{"dataType":"Edge Hub App Usage", "deleted":"1", "process_failed_to_decrypt":"0", "process_pending_decryption":"0", "process_success":"1", "total":"1"}}
{"logTime": "0416/165008", "correlationVector":"3VJK6zUyV+LfjLO7ThKKuI.5","action":"GetUpdates Response", "result":"Success", "context":Received 250 update(s). cV=3VJK6zUyV+LfjLO7ThKKuI.0;server=akswtt00000000l;cloudType=Consumer;environment=Prod_southeastasia_prod-s01-064-apac-southeastasia;migrationStage=NotStarted Some updates remain.}
{"logTime": "0416/165008", "correlationVector":"GL/EkBRPh3MsUNN6gsfbLL","action":"Initial GetUpdates", "result":"", "context":Reason: NEWLY_SUPPORTED_DATATYPE. cV=GL/EkBRPh3MsUNN6gsfbLL}
{"logTime": "0416/165009", "correlationVector":"GL/EkBRPh3MsUNN6gsfbLL.1","action":"SyncServerConnectionManagerRequest", "result":"SYNC_SERVER_OK", "context":{"environment":"Prod_southeastasia_prod-s01-064-apac-southeastasia", "migrationStage":"NotStarted", "server":"akswtt00000000r"}}
{"logTime": "0416/165009", "correlationVector":"GL/EkBRPh3MsUNN6gsfbLL.2","action":"ProcessGetUpdates", "result":"Done", "context":{"dataType":"Autofill Profiles", "deleted":"1", "process_failed_to_decrypt":"0", "process_pending_decryption":"0", "process_success":"2", "total":"2"}}
{"logTime": "0416/165009", "correlationVector":"GL/EkBRPh3MsUNN6gsfbLL.3","action":"ProcessGetUpdates", "result":"Done", "context":{"dataType":"Autofill", "deleted":"0", "process_failed_to_decrypt":"0", "process_pending_decryption":"0", "process_success":"12", "total":"12"}}
{"logTime": "0416/165009", "correlationVector":"GL/EkBRPh3MsUNN6gsfbLL.4","action":"ProcessGetUpdates", "result":"Done", "context":{"dataType":"Sessions", "deleted":"233", "process_failed_to_decrypt":"0", "process_pending_decryption":"0", "process_success":"233", "total":"233"}}
{"logTime": "0416/165009", "correlationVector":"GL/EkBRPh3MsUNN6gsfbLL.5","action":"ProcessGetUpdates", "result":"Done", "context":{"dataType":"Edge Hub App Usage", "deleted":"3", "process_failed_to_decrypt":"0", "process_pending_decryption":"0", "process_success":"3", "total":"3"}}
{"logTime": "0416/165009", "correlationVector":"GL/EkBRPh3MsUNN6gsfbLL.6","action":"GetUpdates Response", "result":"Success", "context":Received 250 update(s). cV=GL/EkBRPh3MsUNN6gsfbLL.0;server=akswtt00000000r;cloudType=Consumer;environment=Prod_southeastasia_prod-s01-064-apac-southeastasia;migrationStage=NotStarted Some updates remain.}
{"logTime": "0416/165009", "correlationVector":"qHUYQaP9/U/DgmsC1E0BQv","action":"Initial GetUpdates", "result":"", "context":Reason: NEWLY_SUPPORTED_DATATYPE. cV=qHUYQaP9/U/DgmsC1E0BQv}
{"logTime": "0416/165010", "correlationVector":"qHUYQaP9/U/DgmsC1E0BQv.1","action":"SyncServerConnectionManagerRequest", "result":"SYNC_SERVER_OK", "context":{"environment":"Prod_southeastasia_prod-s01-064-apac-southeastasia", "migrationStage":"NotStarted", "server":"akswtt00000000g"}}
{"logTime": "0416/165010", "correlationVector":"qHUYQaP9/U/DgmsC1E0BQv.2","action":"ProcessGetUpdates", "result":"Done", "context":{"dataType":"Autofill", "deleted":"0", "process_failed_to_decrypt":"0", "process_pending_decryption":"0", "process_success":"79", "total":"79"}}
{"logTime": "0416/165010", "correlationVector":"qHUYQaP9/U/DgmsC1E0BQv.3","action":"ProcessGetUpdates", "result":"Done", "context":{"dataType":"Sessions", "deleted":"171", "process_failed_to_decrypt":"0", "process_pending_decryption":"0", "process_success":"171", "total":"171"}}
{"logTime": "0416/165010", "correlationVector":"qHUYQaP9/U/DgmsC1E0BQv.4","action":"GetUpdates Response", "result":"Success", "context":Received 250 update(s). cV=qHUYQaP9/U/DgmsC1E0BQv.0;server=akswtt00000000g;cloudType=Consumer;environment=Prod_southeastasia_prod-s01-064-apac-southeastasia;migrationStage=NotStarted Some updates remain.}
{"logTime": "0416/165010", "correlationVector":"lBoGq3POl9wCXrlXUAleiu","action":"Initial GetUpdates", "result":"", "context":Reason: NEWLY_SUPPORTED_DATATYPE. cV=lBoGq3POl9wCXrlXUAleiu}
{"logTime": "0416/165010", "correlationVector":"lBoGq3POl9wCXrlXUAleiu.1","action":"SyncServerConnectionManagerRequest", "result":"SYNC_SERVER_OK", "context":{"environment":"Prod_southeastasia_prod-s01-064-apac-southeastasia", "migrationStage":"NotStarted", "server":"akswtt000000007"}}
{"logTime": "0416/165010", "correlationVector":"lBoGq3POl9wCXrlXUAleiu.2","action":"ProcessGetUpdates", "result":"Done", "context":{"dataType":"Autofill Profiles", "deleted":"1", "process_failed_to_decrypt":"0", "process_pending_decryption":"0", "process_success":"1", "total":"1"}}
{"logTime": "0416/165010", "correlationVector":"lBoGq3POl9wCXrlXUAleiu.3","action":"ProcessGetUpdates", "result":"Done", "context":{"dataType":"Autofill", "deleted":"0", "process_failed_to_decrypt":"0", "process_pending_decryption":"0", "process_success":"19", "total":"19"}}
{"logTime": "0416/165010", "correlationVector":"lBoGq3POl9wCXrlXUAleiu.4","action":"ProcessGetUpdates", "result":"Done", "context":{"dataType":"Sessions", "deleted":"228", "process_failed_to_decrypt":"0", "process_pending_decryption":"0", "process_success":"228", "total":"228"}}
{"logTime": "0416/165010", "correlationVector":"lBoGq3POl9wCXrlXUAleiu.5","action":"ProcessGetUpdates", "result":"Done", "context":{"dataType":"History Delete Directives", "deleted":"0", "process_failed_to_decrypt":"0", "process_pending_decryption":"0", "process_success":"2", "total":"2"}}
{"logTime": "0416/165010", "correlationVector":"lBoGq3POl9wCXrlXUAleiu.6","action":"GetUpdates Response", "result":"Success", "context":Received 250 update(s). cV=lBoGq3POl9wCXrlXUAleiu.0;server=akswtt000000007;cloudType=Consumer;environment=Prod_southeastasia_prod-s01-064-apac-southeastasia;migrationStage=NotStarted Some updates remain.}
{"logTime": "0416/165010", "correlationVector":"FJPBwmwOHU84IJ0gslLfW4","action":"Initial GetUpdates", "result":"", "context":Reason: NEWLY_SUPPORTED_DATATYPE. cV=FJPBwmwOHU84IJ0gslLfW4}
{"logTime": "0416/165011", "correlationVector":"FJPBwmwOHU84IJ0gslLfW4.1","action":"SyncServerConnectionManagerRequest", "result":"SYNC_SERVER_OK", "context":{"environment":"Prod_southeastasia_prod-s01-064-apac-southeastasia", "migrationStage":"NotStarted", "server":"akswtt000000000"}}
{"logTime": "0416/165011", "correlationVector":"FJPBwmwOHU84IJ0gslLfW4.2","action":"ProcessGetUpdates", "result":"Done", "context":{"dataType":"Autofill Profiles", "deleted":"3", "process_failed_to_decrypt":"0", "process_pending_decryption":"0", "process_success":"4", "total":"4"}}
{"logTime": "0416/165011", "correlationVector":"FJPBwmwOHU84IJ0gslLfW4.3","action":"ProcessGetUpdates", "result":"Done", "context":{"dataType":"Autofill", "deleted":"0", "process_failed_to_decrypt":"0", "process_pending_decryption":"0", "process_success":"66", "total":"66"}}
{"logTime": "0416/165011", "correlationVector":"FJPBwmwOHU84IJ0gslLfW4.4","action":"ProcessGetUpdates", "result":"Done", "context":{"dataType":"Extensions", "deleted":"0", "process_failed_to_decrypt":"0", "process_pending_decryption":"0", "process_success":"1", "total":"1"}}
{"logTime": "0416/165011", "correlationVector":"FJPBwmwOHU84IJ0gslLfW4.5","action":"ProcessGetUpdates", "result":"Done", "context":{"dataType":"Sessions", "deleted":"179", "process_failed_to_decrypt":"0", "process_pending_decryption":"0", "process_success":"179", "total":"179"}}
{"logTime": "0416/165011", "correlationVector":"FJPBwmwOHU84IJ0gslLfW4.6","action":"GetUpdates Response", "result":"Success", "context":Received 250 update(s). cV=FJPBwmwOHU84IJ0gslLfW4.0;server=akswtt000000000;cloudType=Consumer;environment=Prod_southeastasia_prod-s01-064-apac-southeastasia;migrationStage=NotStarted Some updates remain.}
{"logTime": "0416/165011", "correlationVector":"VKuvoVPeYRhxPRL6of5/Ov","action":"Initial GetUpdates", "result":"", "context":Reason: NEWLY_SUPPORTED_DATATYPE. cV=VKuvoVPeYRhxPRL6of5/Ov}
{"logTime": "0416/165012", "correlationVector":"VKuvoVPeYRhxPRL6of5/Ov.1","action":"SyncServerConnectionManagerRequest", "result":"SYNC_SERVER_OK", "context":{"environment":"Prod_southeastasia_prod-s01-064-apac-southeastasia", "migrationStage":"NotStarted", "server":"akswtt00000000r"}}
{"logTime": "0416/165012", "correlationVector":"VKuvoVPeYRhxPRL6of5/Ov.2","action":"ProcessGetUpdates", "result":"Done", "context":{"dataType":"Autofill Profiles", "deleted":"5", "process_failed_to_decrypt":"0", "process_pending_decryption":"0", "process_success":"6", "total":"6"}}
{"logTime": "0416/165012", "correlationVector":"VKuvoVPeYRhxPRL6of5/Ov.3","action":"ProcessGetUpdates", "result":"Done", "context":{"dataType":"Autofill", "deleted":"0", "process_failed_to_decrypt":"0", "process_pending_decryption":"0", "process_success":"7", "total":"7"}}
{"logTime": "0416/165012", "correlationVector":"VKuvoVPeYRhxPRL6of5/Ov.4","action":"ProcessGetUpdates", "result":"Done", "context":{"dataType":"Sessions", "deleted":"234", "process_failed_to_decrypt":"0", "process_pending_decryption":"0", "process_success":"234", "total":"234"}}
{"logTime": "0416/165012", "correlationVector":"VKuvoVPeYRhxPRL6of5/Ov.5","action":"ProcessGetUpdates", "result":"Done", "context":{"dataType":"History Delete Directives", "deleted":"0", "process_failed_to_decrypt":"0", "process_pending_decryption":"0", "process_success":"1", "total":"1"}}
{"logTime": "0416/165012", "correlationVector":"VKuvoVPeYRhxPRL6of5/Ov.6","action":"ProcessGetUpdates", "result":"Done", "context":{"dataType":"Edge Hub App Usage", "deleted":"1", "process_failed_to_decrypt":"0", "process_pending_decryption":"0", "process_success":"2", "total":"2"}}
{"logTime": "0416/165012", "correlationVector":"VKuvoVPeYRhxPRL6of5/Ov.7","action":"GetUpdates Response", "result":"Success", "context":Received 250 update(s). cV=VKuvoVPeYRhxPRL6of5/Ov.0;server=akswtt00000000r;cloudType=Consumer;environment=Prod_southeastasia_prod-s01-064-apac-southeastasia;migrationStage=NotStarted Some updates remain.}
{"logTime": "0416/165012", "correlationVector":"hsSNfDEaE/N82msFiKMHSG","action":"Initial GetUpdates", "result":"", "context":Reason: NEWLY_SUPPORTED_DATATYPE. cV=hsSNfDEaE/N82msFiKMHSG}
{"logTime": "0416/165014", "correlationVector":"hsSNfDEaE/N82msFiKMHSG.1","action":"SyncServerConnectionManagerRequest", "result":"SYNC_SERVER_OK", "context":{"environment":"Prod_southeastasia_prod-s01-064-apac-southeastasia", "migrationStage":"NotStarted", "server":"akswtt00000000c"}}
{"logTime": "0416/165014", "correlationVector":"hsSNfDEaE/N82msFiKMHSG.2","action":"ProcessGetUpdates", "result":"Done", "context":{"dataType":"Autofill Profiles", "deleted":"7", "process_failed_to_decrypt":"0", "process_pending_decryption":"0", "process_success":"7", "total":"7"}}
{"logTime": "0416/165014", "correlationVector":"hsSNfDEaE/N82msFiKMHSG.3","action":"ProcessGetUpdates", "result":"Done", "context":{"dataType":"Autofill", "deleted":"0", "process_failed_to_decrypt":"0", "process_pending_decryption":"0", "process_success":"35", "total":"35"}}
{"logTime": "0416/165014", "correlationVector":"hsSNfDEaE/N82msFiKMHSG.4","action":"ProcessGetUpdates", "result":"Done", "context":{"dataType":"Sessions", "deleted":"206", "process_failed_to_decrypt":"0", "process_pending_decryption":"0", "process_success":"208", "total":"208"}}
{"logTime": "0416/165014", "correlationVector":"hsSNfDEaE/N82msFiKMHSG.5","action":"GetUpdates Response", "result":"Success", "context":Received 250 update(s). cV=hsSNfDEaE/N82msFiKMHSG.0;server=akswtt00000000c;cloudType=Consumer;environment=Prod_southeastasia_prod-s01-064-apac-southeastasia;migrationStage=NotStarted Some updates remain.}
{"logTime": "0416/165014", "correlationVector":"rltwKUlcXeRWWLONffkD5d","action":"Initial GetUpdates", "result":"", "context":Reason: NEWLY_SUPPORTED_DATATYPE. cV=rltwKUlcXeRWWLONffkD5d}
{"logTime": "0416/165014", "correlationVector":"rltwKUlcXeRWWLONffkD5d.1","action":"SyncServerConnectionManagerRequest", "result":"SYNC_SERVER_OK", "context":{"environment":"Prod_southeastasia_prod-s01-064-apac-southeastasia", "migrationStage":"NotStarted", "server":"akswtt00000000f"}}
{"logTime": "0416/165014", "correlationVector":"rltwKUlcXeRWWLONffkD5d.2","action":"ProcessGetUpdates", "result":"Done", "context":{"dataType":"Autofill Profiles", "deleted":"5", "process_failed_to_decrypt":"0", "process_pending_decryption":"0", "process_success":"6", "total":"6"}}
{"logTime": "0416/165014", "correlationVector":"rltwKUlcXeRWWLONffkD5d.3","action":"ProcessGetUpdates", "result":"Done", "context":{"dataType":"Autofill", "deleted":"0", "process_failed_to_decrypt":"0", "process_pending_decryption":"0", "process_success":"4", "total":"4"}}
{"logTime": "0416/165014", "correlationVector":"rltwKUlcXeRWWLONffkD5d.4","action":"ProcessGetUpdates", "result":"Done", "context":{"dataType":"Sessions", "deleted":"93", "process_failed_to_decrypt":"0", "process_pending_decryption":"0", "process_success":"127", "total":"127"}}
{"logTime": "0416/165014", "correlationVector":"rltwKUlcXeRWWLONffkD5d.5","action":"GetUpdates Response", "result":"Success", "context":Received 137 update(s). cV=rltwKUlcXeRWWLONffkD5d.0;server=akswtt00000000f;cloudType=Consumer;environment=Prod_southeastasia_prod-s01-064-apac-southeastasia;migrationStage=NotStarted}
{"logTime": "0416/165014", "correlationVector":"urBqXViLI8AjblC9gtPRGe","action":"Initial GetUpdates", "result":"", "context":Reason: NEWLY_SUPPORTED_DATATYPE. cV=urBqXViLI8AjblC9gtPRGe}
{"logTime": "0416/165016", "correlationVector":"urBqXViLI8AjblC9gtPRGe.1","action":"SyncServerConnectionManagerRequest", "result":"SYNC_SERVER_OK", "context":{"environment":"Prod_southeastasia_prod-s01-064-apac-southeastasia", "migrationStage":"NotStarted", "server":"akswtt00000000o"}}
{"logTime": "0416/165016", "correlationVector":"urBqXViLI8AjblC9gtPRGe.2","action":"ProcessGetUpdates", "result":"Done", "context":{"dataType":"History", "deleted":"0", "process_failed_to_decrypt":"0", "process_pending_decryption":"0", "process_success":"250", "total":"250"}}
{"logTime": "0416/165016", "correlationVector":"urBqXViLI8AjblC9gtPRGe.3","action":"GetUpdates Response", "result":"Success", "context":Received 250 update(s). cV=urBqXViLI8AjblC9gtPRGe.0;server=akswtt00000000o;cloudType=Consumer;environment=Prod_southeastasia_prod-s01-064-apac-southeastasia;migrationStage=NotStarted Some updates remain.}
{"logTime": "0416/165016", "correlationVector":"2ZC/rMtWMq9xw0UwyN6x7N","action":"Initial GetUpdates", "result":"", "context":Reason: NEWLY_SUPPORTED_DATATYPE. cV=2ZC/rMtWMq9xw0UwyN6x7N}
{"logTime": "0416/165017", "correlationVector":"2ZC/rMtWMq9xw0UwyN6x7N.1","action":"SyncServerConnectionManagerRequest", "result":"SYNC_SERVER_OK", "context":{"environment":"Prod_southeastasia_prod-s01-064-apac-southeastasia", "migrationStage":"NotStarted", "server":"akswtt00000000k"}}
{"logTime": "0416/165017", "correlationVector":"2ZC/rMtWMq9xw0UwyN6x7N.2","action":"ProcessGetUpdates", "result":"Done", "context":{"dataType":"History", "deleted":"0", "process_failed_to_decrypt":"0", "process_pending_decryption":"0", "process_success":"250", "total":"250"}}
{"logTime": "0416/165017", "correlationVector":"2ZC/rMtWMq9xw0UwyN6x7N.3","action":"GetUpdates Response", "result":"Success", "context":Received 250 update(s). cV=2ZC/rMtWMq9xw0UwyN6x7N.0;server=akswtt00000000k;cloudType=Consumer;environment=Prod_southeastasia_prod-s01-064-apac-southeastasia;migrationStage=NotStarted Some updates remain.}
{"logTime": "0416/165017", "correlationVector":"CJFTN+59v/6HK8yowyNfjz","action":"Initial GetUpdates", "result":"", "context":Reason: NEWLY_SUPPORTED_DATATYPE. cV=CJFTN+59v/6HK8yowyNfjz}
{"logTime": "0416/165018", "correlationVector":"CJFTN+59v/6HK8yowyNfjz.1","action":"SyncServerConnectionManagerRequest", "result":"SYNC_SERVER_OK", "context":{"environment":"Prod_southeastasia_prod-s01-064-apac-southeastasia", "migrationStage":"NotStarted", "server":"akswtt00000000f"}}
{"logTime": "0416/165018", "correlationVector":"CJFTN+59v/6HK8yowyNfjz.2","action":"ProcessGetUpdates", "result":"Done", "context":{"dataType":"History", "deleted":"0", "process_failed_to_decrypt":"0", "process_pending_decryption":"0", "process_success":"250", "total":"250"}}
{"logTime": "0416/165018", "correlationVector":"CJFTN+59v/6HK8yowyNfjz.3","action":"GetUpdates Response", "result":"Success", "context":Received 250 update(s). cV=CJFTN+59v/6HK8yowyNfjz.0;server=akswtt00000000f;cloudType=Consumer;environment=Prod_southeastasia_prod-s01-064-apac-southeastasia;migrationStage=NotStarted Some updates remain.}
{"logTime": "0416/165018", "correlationVector":"WGQcXS+i7S845EbhMwkitI","action":"Initial GetUpdates", "result":"", "context":Reason: NEWLY_SUPPORTED_DATATYPE. cV=WGQcXS+i7S845EbhMwkitI}
{"logTime": "0416/165020", "correlationVector":"WGQcXS+i7S845EbhMwkitI.1","action":"SyncServerConnectionManagerRequest", "result":"SYNC_SERVER_OK", "context":{"environment":"Prod_southeastasia_prod-s01-064-apac-southeastasia", "migrationStage":"NotStarted", "server":"akswtt00000000n"}}
{"logTime": "0416/165020", "correlationVector":"WGQcXS+i7S845EbhMwkitI.2","action":"ProcessGetUpdates", "result":"Done", "context":{"dataType":"History", "deleted":"0", "process_failed_to_decrypt":"0", "process_pending_decryption":"0", "process_success":"250", "total":"250"}}
{"logTime": "0416/165020", "correlationVector":"WGQcXS+i7S845EbhMwkitI.3","action":"GetUpdates Response", "result":"Success", "context":Received 250 update(s). cV=WGQcXS+i7S845EbhMwkitI.0;server=akswtt00000000n;cloudType=Consumer;environment=Prod_southeastasia_prod-s01-064-apac-southeastasia;migrationStage=NotStarted Some updates remain.}
{"logTime": "0416/165020", "correlationVector":"DQyEsV3Cb3bNGCrc0LBvzn","action":"Initial GetUpdates", "result":"", "context":Reason: NEWLY_SUPPORTED_DATATYPE. cV=DQyEsV3Cb3bNGCrc0LBvzn}
{"logTime": "0416/165021", "correlationVector":"DQyEsV3Cb3bNGCrc0LBvzn.1","action":"SyncServerConnectionManagerRequest", "result":"SYNC_SERVER_OK", "context":{"environment":"Prod_southeastasia_prod-s01-064-apac-southeastasia", "migrationStage":"NotStarted", "server":"akswtt00000000j"}}
{"logTime": "0416/165021", "correlationVector":"DQyEsV3Cb3bNGCrc0LBvzn.2","action":"ProcessGetUpdates", "result":"Done", "context":{"dataType":"History", "deleted":"0", "process_failed_to_decrypt":"0", "process_pending_decryption":"0", "process_success":"250", "total":"250"}}
{"logTime": "0416/165021", "correlationVector":"DQyEsV3Cb3bNGCrc0LBvzn.3","action":"GetUpdates Response", "result":"Success", "context":Received 250 update(s). cV=DQyEsV3Cb3bNGCrc0LBvzn.0;server=akswtt00000000j;cloudType=Consumer;environment=Prod_southeastasia_prod-s01-064-apac-southeastasia;migrationStage=NotStarted Some updates remain.}
{"logTime": "0416/165021", "correlationVector":"XACmny9G/Bq9Jotgem+URK","action":"Initial GetUpdates", "result":"", "context":Reason: NEWLY_SUPPORTED_DATATYPE. cV=XACmny9G/Bq9Jotgem+URK}
{"logTime": "0416/165022", "correlationVector":"XACmny9G/Bq9Jotgem+URK.1","action":"SyncServerConnectionManagerRequest", "result":"SYNC_SERVER_OK", "context":{"environment":"Prod_southeastasia_prod-s01-064-apac-southeastasia", "migrationStage":"NotStarted", "server":"akswtt000000005"}}
{"logTime": "0416/165022", "correlationVector":"XACmny9G/Bq9Jotgem+URK.2","action":"ProcessGetUpdates", "result":"Done", "context":{"dataType":"History", "deleted":"0", "process_failed_to_decrypt":"0", "process_pending_decryption":"0", "process_success":"250", "total":"250"}}
{"logTime": "0416/165022", "correlationVector":"XACmny9G/Bq9Jotgem+URK.3","action":"GetUpdates Response", "result":"Success", "context":Received 250 update(s). cV=XACmny9G/Bq9Jotgem+URK.0;server=akswtt000000005;cloudType=Consumer;environment=Prod_southeastasia_prod-s01-064-apac-southeastasia;migrationStage=NotStarted Some updates remain.}
{"logTime": "0416/165022", "correlationVector":"vIgglbRG5goXA3Mi61ZqMh","action":"Initial GetUpdates", "result":"", "context":Reason: NEWLY_SUPPORTED_DATATYPE. cV=vIgglbRG5goXA3Mi61ZqMh}
{"logTime": "0416/165024", "correlationVector":"vIgglbRG5goXA3Mi61ZqMh.1","action":"SyncServerConnectionManagerRequest", "result":"SYNC_SERVER_OK", "context":{"environment":"Prod_southeastasia_prod-s01-064-apac-southeastasia", "migrationStage":"NotStarted", "server":"akswtt00000000g"}}
{"logTime": "0416/165024", "correlationVector":"vIgglbRG5goXA3Mi61ZqMh.2","action":"ProcessGetUpdates", "result":"Done", "context":{"dataType":"History", "deleted":"0", "process_failed_to_decrypt":"0", "process_pending_decryption":"0", "process_success":"250", "total":"250"}}
{"logTime": "0416/165024", "correlationVector":"vIgglbRG5goXA3Mi61ZqMh.3","action":"GetUpdates Response", "result":"Success", "context":Received 250 update(s). cV=vIgglbRG5goXA3Mi61ZqMh.0;server=akswtt00000000g;cloudType=Consumer;environment=Prod_southeastasia_prod-s01-064-apac-southeastasia;migrationStage=NotStarted Some updates remain.}
{"logTime": "0416/165024", "correlationVector":"h3TZ85j/nzFyFzz2CagRPi","action":"Initial GetUpdates", "result":"", "context":Reason: NEWLY_SUPPORTED_DATATYPE. cV=h3TZ85j/nzFyFzz2CagRPi}
{"logTime": "0416/165025", "correlationVector":"h3TZ85j/nzFyFzz2CagRPi.1","action":"SyncServerConnectionManagerRequest", "result":"SYNC_SERVER_OK", "context":{"environment":"Prod_southeastasia_prod-s01-064-apac-southeastasia", "migrationStage":"NotStarted", "server":"akswtt00000000h"}}
{"logTime": "0416/165025", "correlationVector":"h3TZ85j/nzFyFzz2CagRPi.2","action":"ProcessGetUpdates", "result":"Done", "context":{"dataType":"History", "deleted":"0", "process_failed_to_decrypt":"0", "process_pending_decryption":"0", "process_success":"250", "total":"250"}}
{"logTime": "0416/165025", "correlationVector":"h3TZ85j/nzFyFzz2CagRPi.3","action":"GetUpdates Response", "result":"Success", "context":Received 250 update(s). cV=h3TZ85j/nzFyFzz2CagRPi.0;server=akswtt00000000h;cloudType=Consumer;environment=Prod_southeastasia_prod-s01-064-apac-southeastasia;migrationStage=NotStarted Some updates remain.}
{"logTime": "0416/165025", "correlationVector":"QExgIwkqOxJwlN4eG6iiKq","action":"Initial GetUpdates", "result":"", "context":Reason: NEWLY_SUPPORTED_DATATYPE. cV=QExgIwkqOxJwlN4eG6iiKq}
{"logTime": "0416/165026", "correlationVector":"QExgIwkqOxJwlN4eG6iiKq.1","action":"SyncServerConnectionManagerRequest", "result":"SYNC_SERVER_OK", "context":{"environment":"Prod_southeastasia_prod-s01-064-apac-southeastasia", "migrationStage":"NotStarted", "server":"akswtt00000000j"}}
{"logTime": "0416/165026", "correlationVector":"QExgIwkqOxJwlN4eG6iiKq.2","action":"ProcessGetUpdates", "result":"Done", "context":{"dataType":"History", "deleted":"0", "process_failed_to_decrypt":"0", "process_pending_decryption":"0", "process_success":"250", "total":"250"}}
{"logTime": "0416/165026", "correlationVector":"QExgIwkqOxJwlN4eG6iiKq.3","action":"GetUpdates Response", "result":"Success", "context":Received 250 update(s). cV=QExgIwkqOxJwlN4eG6iiKq.0;server=akswtt00000000j;cloudType=Consumer;environment=Prod_southeastasia_prod-s01-064-apac-southeastasia;migrationStage=NotStarted Some updates remain.}
{"logTime": "0416/165026", "correlationVector":"TyRIu/0pL1foofAwXjIbHY","action":"Initial GetUpdates", "result":"", "context":Reason: NEWLY_SUPPORTED_DATATYPE. cV=TyRIu/0pL1foofAwXjIbHY}
{"logTime": "0416/165028", "correlationVector":"TyRIu/0pL1foofAwXjIbHY.1","action":"SyncServerConnectionManagerRequest", "result":"SYNC_SERVER_OK", "context":{"environment":"Prod_southeastasia_prod-s01-064-apac-southeastasia", "migrationStage":"NotStarted", "server":"akswtt00000000h"}}
{"logTime": "0416/165028", "correlationVector":"TyRIu/0pL1foofAwXjIbHY.2","action":"ProcessGetUpdates", "result":"Done", "context":{"dataType":"History", "deleted":"0", "process_failed_to_decrypt":"0", "process_pending_decryption":"0", "process_success":"250", "total":"250"}}
{"logTime": "0416/165028", "correlationVector":"TyRIu/0pL1foofAwXjIbHY.3","action":"GetUpdates Response", "result":"Success", "context":Received 250 update(s). cV=TyRIu/0pL1foofAwXjIbHY.0;server=akswtt00000000h;cloudType=Consumer;environment=Prod_southeastasia_prod-s01-064-apac-southeastasia;migrationStage=NotStarted Some updates remain.}
{"logTime": "0416/165028", "correlationVector":"RF5kiOpnWUHL7Zhj1mgI4j","action":"Initial GetUpdates", "result":"", "context":Reason: NEWLY_SUPPORTED_DATATYPE. cV=RF5kiOpnWUHL7Zhj1mgI4j}
{"logTime": "0416/165030", "correlationVector":"RF5kiOpnWUHL7Zhj1mgI4j.1","action":"SyncServerConnectionManagerRequest", "result":"SYNC_SERVER_OK", "context":{"environment":"Prod_southeastasia_prod-s01-064-apac-southeastasia", "migrationStage":"NotStarted", "server":"akswtt00000000i"}}
{"logTime": "0416/165030", "correlationVector":"RF5kiOpnWUHL7Zhj1mgI4j.2","action":"ProcessGetUpdates", "result":"Done", "context":{"dataType":"History", "deleted":"0", "process_failed_to_decrypt":"0", "process_pending_decryption":"0", "process_success":"250", "total":"250"}}
{"logTime": "0416/165030", "correlationVector":"RF5kiOpnWUHL7Zhj1mgI4j.3","action":"GetUpdates Response", "result":"Success", "context":Received 250 update(s). cV=RF5kiOpnWUHL7Zhj1mgI4j.0;server=akswtt00000000i;cloudType=Consumer;environment=Prod_southeastasia_prod-s01-064-apac-southeastasia;migrationStage=NotStarted Some updates remain.}
{"logTime": "0416/165030", "correlationVector":"Yp5z522Y9h1oDf7efSi2yq","action":"Initial GetUpdates", "result":"", "context":Reason: NEWLY_SUPPORTED_DATATYPE. cV=Yp5z522Y9h1oDf7efSi2yq}
{"logTime": "0416/165031", "correlationVector":"Yp5z522Y9h1oDf7efSi2yq.1","action":"SyncServerConnectionManagerRequest", "result":"SYNC_SERVER_OK", "context":{"environment":"Prod_southeastasia_prod-s01-064-apac-southeastasia", "migrationStage":"NotStarted", "server":"akswtt00000000h"}}
{"logTime": "0416/165031", "correlationVector":"Yp5z522Y9h1oDf7efSi2yq.2","action":"ProcessGetUpdates", "result":"Done", "context":{"dataType":"History", "deleted":"0", "process_failed_to_decrypt":"0", "process_pending_decryption":"0", "process_success":"250", "total":"250"}}
{"logTime": "0416/165031", "correlationVector":"Yp5z522Y9h1oDf7efSi2yq.3","action":"GetUpdates Response", "result":"Success", "context":Received 250 update(s). cV=Yp5z522Y9h1oDf7efSi2yq.0;server=akswtt00000000h;cloudType=Consumer;environment=Prod_southeastasia_prod-s01-064-apac-southeastasia;migrationStage=NotStarted Some updates remain.}
{"logTime": "0416/165031", "correlationVector":"fh5TXIpUkRR/OXN5Lct10e","action":"Initial GetUpdates", "result":"", "context":Reason: NEWLY_SUPPORTED_DATATYPE. cV=fh5TXIpUkRR/OXN5Lct10e}
{"logTime": "0416/165032", "correlationVector":"fh5TXIpUkRR/OXN5Lct10e.1","action":"SyncServerConnectionManagerRequest", "result":"SYNC_SERVER_OK", "context":{"environment":"Prod_southeastasia_prod-s01-064-apac-southeastasia", "migrationStage":"NotStarted", "server":"akswtt00000000k"}}
{"logTime": "0416/165032", "correlationVector":"fh5TXIpUkRR/OXN5Lct10e.2","action":"ProcessGetUpdates", "result":"Done", "context":{"dataType":"History", "deleted":"0", "process_failed_to_decrypt":"0", "process_pending_decryption":"0", "process_success":"250", "total":"250"}}
{"logTime": "0416/165032", "correlationVector":"fh5TXIpUkRR/OXN5Lct10e.3","action":"GetUpdates Response", "result":"Success", "context":Received 250 update(s). cV=fh5TXIpUkRR/OXN5Lct10e.0;server=akswtt00000000k;cloudType=Consumer;environment=Prod_southeastasia_prod-s01-064-apac-southeastasia;migrationStage=NotStarted Some updates remain.}
{"logTime": "0416/165032", "correlationVector":"6rve2U6+SbkE2DsOdt5x+X","action":"Initial GetUpdates", "result":"", "context":Reason: NEWLY_SUPPORTED_DATATYPE. cV=6rve2U6+SbkE2DsOdt5x+X}
{"logTime": "0416/165039", "correlationVector":"6rve2U6+SbkE2DsOdt5x+X.1","action":"SyncServerConnectionManagerRequest", "result":"SYNC_SERVER_OK", "context":{"environment":"Prod_southeastasia_prod-s01-064-apac-southeastasia", "migrationStage":"NotStarted", "server":"akswtt00000000n"}}
{"logTime": "0416/165039", "correlationVector":"6rve2U6+SbkE2DsOdt5x+X.2","action":"ProcessGetUpdates", "result":"Done", "context":{"dataType":"History", "deleted":"0", "process_failed_to_decrypt":"0", "process_pending_decryption":"0", "process_success":"250", "total":"250"}}
{"logTime": "0416/165039", "correlationVector":"6rve2U6+SbkE2DsOdt5x+X.3","action":"GetUpdates Response", "result":"Success", "context":Received 250 update(s). cV=6rve2U6+SbkE2DsOdt5x+X.0;server=akswtt00000000n;cloudType=Consumer;environment=Prod_southeastasia_prod-s01-064-apac-southeastasia;migrationStage=NotStarted Some updates remain.}
{"logTime": "0416/165039", "correlationVector":"v9tt23OwtQSl7bAbtzXPIz","action":"Initial GetUpdates", "result":"", "context":Reason: NEWLY_SUPPORTED_DATATYPE. cV=v9tt23OwtQSl7bAbtzXPIz}
{"logTime": "0416/165040", "correlationVector":"v9tt23OwtQSl7bAbtzXPIz.1","action":"SyncServerConnectionManagerRequest", "result":"SYNC_SERVER_OK", "context":{"environment":"Prod_southeastasia_prod-s01-064-apac-southeastasia", "migrationStage":"NotStarted", "server":"akswtt00000000r"}}
{"logTime": "0416/165040", "correlationVector":"v9tt23OwtQSl7bAbtzXPIz.2","action":"ProcessGetUpdates", "result":"Done", "context":{"dataType":"History", "deleted":"0", "process_failed_to_decrypt":"0", "process_pending_decryption":"0", "process_success":"250", "total":"250"}}
{"logTime": "0416/165040", "correlationVector":"v9tt23OwtQSl7bAbtzXPIz.3","action":"GetUpdates Response", "result":"Success", "context":Received 250 update(s). cV=v9tt23OwtQSl7bAbtzXPIz.0;server=akswtt00000000r;cloudType=Consumer;environment=Prod_southeastasia_prod-s01-064-apac-southeastasia;migrationStage=NotStarted Some updates remain.}
{"logTime": "0416/165040", "correlationVector":"Xdzg4a/Ik4X0isCBIAqOOK","action":"Initial GetUpdates", "result":"", "context":Reason: NEWLY_SUPPORTED_DATATYPE. cV=Xdzg4a/Ik4X0isCBIAqOOK}
{"logTime": "0416/165041", "correlationVector":"Xdzg4a/Ik4X0isCBIAqOOK.1","action":"SyncServerConnectionManagerRequest", "result":"SYNC_SERVER_OK", "context":{"environment":"Prod_southeastasia_prod-s01-064-apac-southeastasia", "migrationStage":"NotStarted", "server":"akswtt00000000h"}}
{"logTime": "0416/165041", "correlationVector":"Xdzg4a/Ik4X0isCBIAqOOK.2","action":"ProcessGetUpdates", "result":"Done", "context":{"dataType":"History", "deleted":"0", "process_failed_to_decrypt":"0", "process_pending_decryption":"0", "process_success":"250", "total":"250"}}
{"logTime": "0416/165041", "correlationVector":"Xdzg4a/Ik4X0isCBIAqOOK.3","action":"GetUpdates Response", "result":"Success", "context":Received 250 update(s). cV=Xdzg4a/Ik4X0isCBIAqOOK.0;server=akswtt00000000h;cloudType=Consumer;environment=Prod_southeastasia_prod-s01-064-apac-southeastasia;migrationStage=NotStarted Some updates remain.}
{"logTime": "0416/165041", "correlationVector":"t3UmIHRLm6Tsty577IQKv7","action":"Initial GetUpdates", "result":"", "context":Reason: NEWLY_SUPPORTED_DATATYPE. cV=t3UmIHRLm6Tsty577IQKv7}
{"logTime": "0416/165043", "correlationVector":"t3UmIHRLm6Tsty577IQKv7.1","action":"SyncServerConnectionManagerRequest", "result":"SYNC_SERVER_OK", "context":{"environment":"Prod_southeastasia_prod-s01-064-apac-southeastasia", "migrationStage":"NotStarted", "server":"akswtt000000007"}}
{"logTime": "0416/165043", "correlationVector":"t3UmIHRLm6Tsty577IQKv7.2","action":"ProcessGetUpdates", "result":"Done", "context":{"dataType":"History", "deleted":"0", "process_failed_to_decrypt":"0", "process_pending_decryption":"0", "process_success":"250", "total":"250"}}
{"logTime": "0416/165043", "correlationVector":"t3UmIHRLm6Tsty577IQKv7.3","action":"GetUpdates Response", "result":"Success", "context":Received 250 update(s). cV=t3UmIHRLm6Tsty577IQKv7.0;server=akswtt000000007;cloudType=Consumer;environment=Prod_southeastasia_prod-s01-064-apac-southeastasia;migrationStage=NotStarted Some updates remain.}
{"logTime": "0416/165043", "correlationVector":"xEEFLIT5kgac3apMWv0rjr","action":"Initial GetUpdates", "result":"", "context":Reason: NEWLY_SUPPORTED_DATATYPE. cV=xEEFLIT5kgac3apMWv0rjr}
{"logTime": "0416/165045", "correlationVector":"xEEFLIT5kgac3apMWv0rjr.1","action":"SyncServerConnectionManagerRequest", "result":"SYNC_SERVER_OK", "context":{"environment":"Prod_southeastasia_prod-s01-064-apac-southeastasia", "migrationStage":"NotStarted", "server":"akswtt00000000l"}}
{"logTime": "0416/165045", "correlationVector":"xEEFLIT5kgac3apMWv0rjr.2","action":"ProcessGetUpdates", "result":"Done", "context":{"dataType":"History", "deleted":"0", "process_failed_to_decrypt":"0", "process_pending_decryption":"0", "process_success":"250", "total":"250"}}
{"logTime": "0416/165045", "correlationVector":"xEEFLIT5kgac3apMWv0rjr.3","action":"GetUpdates Response", "result":"Success", "context":Received 250 update(s). cV=xEEFLIT5kgac3apMWv0rjr.0;server=akswtt00000000l;cloudType=Consumer;environment=Prod_southeastasia_prod-s01-064-apac-southeastasia;migrationStage=NotStarted Some updates remain.}
{"logTime": "0416/165045", "correlationVector":"hqcKdsnxz8V7exdNvW4tgM","action":"Initial GetUpdates", "result":"", "context":Reason: NEWLY_SUPPORTED_DATATYPE. cV=hqcKdsnxz8V7exdNvW4tgM}
{"logTime": "0416/165046", "correlationVector":"hqcKdsnxz8V7exdNvW4tgM.1","action":"SyncServerConnectionManagerRequest", "result":"SYNC_SERVER_OK", "context":{"environment":"Prod_southeastasia_prod-s01-064-apac-southeastasia", "migrationStage":"NotStarted", "server":"akswtt00000000j"}}
{"logTime": "0416/165046", "correlationVector":"hqcKdsnxz8V7exdNvW4tgM.2","action":"ProcessGetUpdates", "result":"Done", "context":{"dataType":"History", "deleted":"0", "process_failed_to_decrypt":"0", "process_pending_decryption":"0", "process_success":"250", "total":"250"}}
{"logTime": "0416/165046", "correlationVector":"hqcKdsnxz8V7exdNvW4tgM.3","action":"GetUpdates Response", "result":"Success", "context":Received 250 update(s). cV=hqcKdsnxz8V7exdNvW4tgM.0;server=akswtt00000000j;cloudType=Consumer;environment=Prod_southeastasia_prod-s01-064-apac-southeastasia;migrationStage=NotStarted Some updates remain.}
{"logTime": "0416/165046", "correlationVector":"kaAaM50gdJ90fd1LLE5OLE","action":"Initial GetUpdates", "result":"", "context":Reason: NEWLY_SUPPORTED_DATATYPE. cV=kaAaM50gdJ90fd1LLE5OLE}
{"logTime": "0416/165047", "correlationVector":"kaAaM50gdJ90fd1LLE5OLE.1","action":"SyncServerConnectionManagerRequest", "result":"SYNC_SERVER_OK", "context":{"environment":"Prod_southeastasia_prod-s01-064-apac-southeastasia", "migrationStage":"NotStarted", "server":"akswtt00000000h"}}
{"logTime": "0416/165047", "correlationVector":"kaAaM50gdJ90fd1LLE5OLE.2","action":"ProcessGetUpdates", "result":"Done", "context":{"dataType":"History", "deleted":"0", "process_failed_to_decrypt":"0", "process_pending_decryption":"0", "process_success":"250", "total":"250"}}
{"logTime": "0416/165047", "correlationVector":"kaAaM50gdJ90fd1LLE5OLE.3","action":"GetUpdates Response", "result":"Success", "context":Received 250 update(s). cV=kaAaM50gdJ90fd1LLE5OLE.0;server=akswtt00000000h;cloudType=Consumer;environment=Prod_southeastasia_prod-s01-064-apac-southeastasia;migrationStage=NotStarted Some updates remain.}
{"logTime": "0416/165047", "correlationVector":"MvjKi3qqYty6IS+4x5Lrun","action":"Initial GetUpdates", "result":"", "context":Reason: NEWLY_SUPPORTED_DATATYPE. cV=MvjKi3qqYty6IS+4x5Lrun}
{"logTime": "0416/165048", "correlationVector":"MvjKi3qqYty6IS+4x5Lrun.1","action":"SyncServerConnectionManagerRequest", "result":"SYNC_SERVER_OK", "context":{"environment":"Prod_southeastasia_prod-s01-064-apac-southeastasia", "migrationStage":"NotStarted", "server":"akswtt00000000j"}}
{"logTime": "0416/165048", "correlationVector":"MvjKi3qqYty6IS+4x5Lrun.2","action":"ProcessGetUpdates", "result":"Done", "context":{"dataType":"History", "deleted":"0", "process_failed_to_decrypt":"0", "process_pending_decryption":"0", "process_success":"250", "total":"250"}}
{"logTime": "0416/165048", "correlationVector":"MvjKi3qqYty6IS+4x5Lrun.3","action":"GetUpdates Response", "result":"Success", "context":Received 250 update(s). cV=MvjKi3qqYty6IS+4x5Lrun.0;server=akswtt00000000j;cloudType=Consumer;environment=Prod_southeastasia_prod-s01-064-apac-southeastasia;migrationStage=NotStarted Some updates remain.}
{"logTime": "0416/165048", "correlationVector":"g5/Nq047Kd+ZtbdBkkQxRB","action":"Initial GetUpdates", "result":"", "context":Reason: NEWLY_SUPPORTED_DATATYPE. cV=g5/Nq047Kd+ZtbdBkkQxRB}
{"logTime": "0416/165049", "correlationVector":"g5/Nq047Kd+ZtbdBkkQxRB.1","action":"SyncServerConnectionManagerRequest", "result":"SYNC_SERVER_OK", "context":{"environment":"Prod_southeastasia_prod-s01-064-apac-southeastasia", "migrationStage":"NotStarted", "server":"akswtt00000000a"}}
{"logTime": "0416/165049", "correlationVector":"g5/Nq047Kd+ZtbdBkkQxRB.2","action":"ProcessGetUpdates", "result":"Done", "context":{"dataType":"History", "deleted":"0", "process_failed_to_decrypt":"0", "process_pending_decryption":"0", "process_success":"250", "total":"250"}}
{"logTime": "0416/165049", "correlationVector":"g5/Nq047Kd+ZtbdBkkQxRB.3","action":"GetUpdates Response", "result":"Success", "context":Received 250 update(s). cV=g5/Nq047Kd+ZtbdBkkQxRB.0;server=akswtt00000000a;cloudType=Consumer;environment=Prod_southeastasia_prod-s01-064-apac-southeastasia;migrationStage=NotStarted Some updates remain.}
{"logTime": "0416/165049", "correlationVector":"nQQI7idXlpPQWJux29c46r","action":"Initial GetUpdates", "result":"", "context":Reason: NEWLY_SUPPORTED_DATATYPE. cV=nQQI7idXlpPQWJux29c46r}
{"logTime": "0416/165051", "correlationVector":"nQQI7idXlpPQWJux29c46r.1","action":"SyncServerConnectionManagerRequest", "result":"SYNC_SERVER_OK", "context":{"environment":"Prod_southeastasia_prod-s01-064-apac-southeastasia", "migrationStage":"NotStarted", "server":"akswtt00000000q"}}
{"logTime": "0416/165051", "correlationVector":"nQQI7idXlpPQWJux29c46r.2","action":"ProcessGetUpdates", "result":"Done", "context":{"dataType":"History", "deleted":"0", "process_failed_to_decrypt":"0", "process_pending_decryption":"0", "process_success":"250", "total":"250"}}
{"logTime": "0416/165051", "correlationVector":"nQQI7idXlpPQWJux29c46r.3","action":"GetUpdates Response", "result":"Success", "context":Received 250 update(s). cV=nQQI7idXlpPQWJux29c46r.0;server=akswtt00000000q;cloudType=Consumer;environment=Prod_southeastasia_prod-s01-064-apac-southeastasia;migrationStage=NotStarted Some updates remain.}
{"logTime": "0416/165051", "correlationVector":"wqJPoL1JLp1VkN7EYBFMuq","action":"Initial GetUpdates", "result":"", "context":Reason: NEWLY_SUPPORTED_DATATYPE. cV=wqJPoL1JLp1VkN7EYBFMuq}
{"logTime": "0416/165052", "correlationVector":"wqJPoL1JLp1VkN7EYBFMuq.1","action":"SyncServerConnectionManagerRequest", "result":"SYNC_SERVER_OK", "context":{"environment":"Prod_southeastasia_prod-s01-064-apac-southeastasia", "migrationStage":"NotStarted", "server":"akswtt00000000j"}}
{"logTime": "0416/165052", "correlationVector":"wqJPoL1JLp1VkN7EYBFMuq.2","action":"ProcessGetUpdates", "result":"Done", "context":{"dataType":"History", "deleted":"0", "process_failed_to_decrypt":"0", "process_pending_decryption":"0", "process_success":"250", "total":"250"}}
{"logTime": "0416/165052", "correlationVector":"wqJPoL1JLp1VkN7EYBFMuq.3","action":"GetUpdates Response", "result":"Success", "context":Received 250 update(s). cV=wqJPoL1JLp1VkN7EYBFMuq.0;server=akswtt00000000j;cloudType=Consumer;environment=Prod_southeastasia_prod-s01-064-apac-southeastasia;migrationStage=NotStarted Some updates remain.}
{"logTime": "0416/165052", "correlationVector":"viNPF9c8FbvSxeA9PA5eCO","action":"Initial GetUpdates", "result":"", "context":Reason: NEWLY_SUPPORTED_DATATYPE. cV=viNPF9c8FbvSxeA9PA5eCO}
{"logTime": "0416/165053", "correlationVector":"viNPF9c8FbvSxeA9PA5eCO.1","action":"SyncServerConnectionManagerRequest", "result":"SYNC_SERVER_OK", "context":{"environment":"Prod_southeastasia_prod-s01-064-apac-southeastasia", "migrationStage":"NotStarted", "server":"akswtt00000000n"}}
{"logTime": "0416/165053", "correlationVector":"viNPF9c8FbvSxeA9PA5eCO.2","action":"ProcessGetUpdates", "result":"Done", "context":{"dataType":"History", "deleted":"0", "process_failed_to_decrypt":"0", "process_pending_decryption":"0", "process_success":"250", "total":"250"}}
{"logTime": "0416/165053", "correlationVector":"viNPF9c8FbvSxeA9PA5eCO.3","action":"GetUpdates Response", "result":"Success", "context":Received 250 update(s). cV=viNPF9c8FbvSxeA9PA5eCO.0;server=akswtt00000000n;cloudType=Consumer;environment=Prod_southeastasia_prod-s01-064-apac-southeastasia;migrationStage=NotStarted Some updates remain.}
{"logTime": "0416/165053", "correlationVector":"ZqlD2PdyAHGVUlG1BQnRXt","action":"Initial GetUpdates", "result":"", "context":Reason: NEWLY_SUPPORTED_DATATYPE. cV=ZqlD2PdyAHGVUlG1BQnRXt}
{"logTime": "0416/165055", "correlationVector":"ZqlD2PdyAHGVUlG1BQnRXt.1","action":"SyncServerConnectionManagerRequest", "result":"SYNC_SERVER_OK", "context":{"environment":"Prod_southeastasia_prod-s01-064-apac-southeastasia", "migrationStage":"NotStarted", "server":"akswtt00000000g"}}
{"logTime": "0416/165055", "correlationVector":"ZqlD2PdyAHGVUlG1BQnRXt.2","action":"ProcessGetUpdates", "result":"Done", "context":{"dataType":"History", "deleted":"0", "process_failed_to_decrypt":"0", "process_pending_decryption":"0", "process_success":"250", "total":"250"}}
{"logTime": "0416/165055", "correlationVector":"ZqlD2PdyAHGVUlG1BQnRXt.3","action":"GetUpdates Response", "result":"Success", "context":Received 250 update(s). cV=ZqlD2PdyAHGVUlG1BQnRXt.0;server=akswtt00000000g;cloudType=Consumer;environment=Prod_southeastasia_prod-s01-064-apac-southeastasia;migrationStage=NotStarted Some updates remain.}
{"logTime": "0416/165055", "correlationVector":"Q2djiWC/MwRIoQlorO1tOs","action":"Initial GetUpdates", "result":"", "context":Reason: NEWLY_SUPPORTED_DATATYPE. cV=Q2djiWC/MwRIoQlorO1tOs}
{"logTime": "0416/165056", "correlationVector":"Q2djiWC/MwRIoQlorO1tOs.1","action":"SyncServerConnectionManagerRequest", "result":"SYNC_SERVER_OK", "context":{"environment":"Prod_southeastasia_prod-s01-064-apac-southeastasia", "migrationStage":"NotStarted", "server":"akswtt00000000j"}}
{"logTime": "0416/165056", "correlationVector":"Q2djiWC/MwRIoQlorO1tOs.2","action":"ProcessGetUpdates", "result":"Done", "context":{"dataType":"History", "deleted":"0", "process_failed_to_decrypt":"0", "process_pending_decryption":"0", "process_success":"250", "total":"250"}}
{"logTime": "0416/165056", "correlationVector":"Q2djiWC/MwRIoQlorO1tOs.3","action":"GetUpdates Response", "result":"Success", "context":Received 250 update(s). cV=Q2djiWC/MwRIoQlorO1tOs.0;server=akswtt00000000j;cloudType=Consumer;environment=Prod_southeastasia_prod-s01-064-apac-southeastasia;migrationStage=NotStarted Some updates remain.}
{"logTime": "0416/165056", "correlationVector":"X3qFOq1E7e3h/KSIwga+r0","action":"Initial GetUpdates", "result":"", "context":Reason: NEWLY_SUPPORTED_DATATYPE. cV=X3qFOq1E7e3h/KSIwga+r0}
{"logTime": "0416/165057", "correlationVector":"X3qFOq1E7e3h/KSIwga+r0.1","action":"SyncServerConnectionManagerRequest", "result":"SYNC_SERVER_OK", "context":{"environment":"Prod_southeastasia_prod-s01-064-apac-southeastasia", "migrationStage":"NotStarted", "server":"akswtt00000000a"}}
{"logTime": "0416/165057", "correlationVector":"X3qFOq1E7e3h/KSIwga+r0.2","action":"ProcessGetUpdates", "result":"Done", "context":{"dataType":"History", "deleted":"0", "process_failed_to_decrypt":"0", "process_pending_decryption":"0", "process_success":"250", "total":"250"}}
{"logTime": "0416/165057", "correlationVector":"X3qFOq1E7e3h/KSIwga+r0.3","action":"GetUpdates Response", "result":"Success", "context":Received 250 update(s). cV=X3qFOq1E7e3h/KSIwga+r0.0;server=akswtt00000000a;cloudType=Consumer;environment=Prod_southeastasia_prod-s01-064-apac-southeastasia;migrationStage=NotStarted Some updates remain.}
{"logTime": "0416/165057", "correlationVector":"ZMKcNjPw74GrOQ96VUtgxu","action":"Initial GetUpdates", "result":"", "context":Reason: NEWLY_SUPPORTED_DATATYPE. cV=ZMKcNjPw74GrOQ96VUtgxu}
{"logTime": "0416/165059", "correlationVector":"ZMKcNjPw74GrOQ96VUtgxu.1","action":"SyncServerConnectionManagerRequest", "result":"SYNC_SERVER_OK", "context":{"environment":"Prod_southeastasia_prod-s01-064-apac-southeastasia", "migrationStage":"NotStarted", "server":"akswtt000000004"}}
{"logTime": "0416/165059", "correlationVector":"ZMKcNjPw74GrOQ96VUtgxu.2","action":"ProcessGetUpdates", "result":"Done", "context":{"dataType":"History", "deleted":"0", "process_failed_to_decrypt":"0", "process_pending_decryption":"0", "process_success":"250", "total":"250"}}
{"logTime": "0416/165100", "correlationVector":"ZMKcNjPw74GrOQ96VUtgxu.3","action":"GetUpdates Response", "result":"Success", "context":Received 250 update(s). cV=ZMKcNjPw74GrOQ96VUtgxu.0;server=akswtt000000004;cloudType=Consumer;environment=Prod_southeastasia_prod-s01-064-apac-southeastasia;migrationStage=NotStarted Some updates remain.}
{"logTime": "0416/165100", "correlationVector":"kz+W2kuDPoDw3+5gn/Dem+","action":"Initial GetUpdates", "result":"", "context":Reason: NEWLY_SUPPORTED_DATATYPE. cV=kz+W2kuDPoDw3+5gn/Dem+}
{"logTime": "0416/165101", "correlationVector":"kz+W2kuDPoDw3+5gn/Dem+.1","action":"SyncServerConnectionManagerRequest", "result":"SYNC_SERVER_OK", "context":{"environment":"Prod_southeastasia_prod-s01-064-apac-southeastasia", "migrationStage":"NotStarted", "server":"akswtt000000007"}}
{"logTime": "0416/165101", "correlationVector":"kz+W2kuDPoDw3+5gn/Dem+.2","action":"ProcessGetUpdates", "result":"Done", "context":{"dataType":"History", "deleted":"0", "process_failed_to_decrypt":"0", "process_pending_decryption":"0", "process_success":"250", "total":"250"}}
{"logTime": "0416/165101", "correlationVector":"kz+W2kuDPoDw3+5gn/Dem+.3","action":"GetUpdates Response", "result":"Success", "context":Received 250 update(s). cV=kz+W2kuDPoDw3+5gn/Dem+.0;server=akswtt000000007;cloudType=Consumer;environment=Prod_southeastasia_prod-s01-064-apac-southeastasia;migrationStage=NotStarted Some updates remain.}
{"logTime": "0416/165101", "correlationVector":"gwovoyDv7vg5uiqYbdrqEo","action":"Initial GetUpdates", "result":"", "context":Reason: NEWLY_SUPPORTED_DATATYPE. cV=gwovoyDv7vg5uiqYbdrqEo}
{"logTime": "0416/165102", "correlationVector":"gwovoyDv7vg5uiqYbdrqEo.1","action":"SyncServerConnectionManagerRequest", "result":"SYNC_SERVER_OK", "context":{"environment":"Prod_southeastasia_prod-s01-064-apac-southeastasia", "migrationStage":"NotStarted", "server":"akswtt00000000a"}}
{"logTime": "0416/165102", "correlationVector":"gwovoyDv7vg5uiqYbdrqEo.2","action":"ProcessGetUpdates", "result":"Done", "context":{"dataType":"History", "deleted":"0", "process_failed_to_decrypt":"0", "process_pending_decryption":"0", "process_success":"250", "total":"250"}}
{"logTime": "0416/165102", "correlationVector":"gwovoyDv7vg5uiqYbdrqEo.3","action":"GetUpdates Response", "result":"Success", "context":Received 250 update(s). cV=gwovoyDv7vg5uiqYbdrqEo.0;server=akswtt00000000a;cloudType=Consumer;environment=Prod_southeastasia_prod-s01-064-apac-southeastasia;migrationStage=NotStarted Some updates remain.}
{"logTime": "0416/165102", "correlationVector":"oH/eAcKQgR5JqskzUpYVbP","action":"Initial GetUpdates", "result":"", "context":Reason: NEWLY_SUPPORTED_DATATYPE. cV=oH/eAcKQgR5JqskzUpYVbP}
{"logTime": "0416/165103", "correlationVector":"oH/eAcKQgR5JqskzUpYVbP.1","action":"SyncServerConnectionManagerRequest", "result":"SYNC_SERVER_OK", "context":{"environment":"Prod_southeastasia_prod-s01-064-apac-southeastasia", "migrationStage":"NotStarted", "server":"akswtt00000000o"}}
{"logTime": "0416/165103", "correlationVector":"oH/eAcKQgR5JqskzUpYVbP.2","action":"ProcessGetUpdates", "result":"Done", "context":{"dataType":"History", "deleted":"0", "process_failed_to_decrypt":"0", "process_pending_decryption":"0", "process_success":"250", "total":"250"}}
{"logTime": "0416/165103", "correlationVector":"oH/eAcKQgR5JqskzUpYVbP.3","action":"GetUpdates Response", "result":"Success", "context":Received 250 update(s). cV=oH/eAcKQgR5JqskzUpYVbP.0;server=akswtt00000000o;cloudType=Consumer;environment=Prod_southeastasia_prod-s01-064-apac-southeastasia;migrationStage=NotStarted Some updates remain.}
{"logTime": "0416/165103", "correlationVector":"r3DMvkpG5qSSKLKjKrcBpb","action":"Initial GetUpdates", "result":"", "context":Reason: NEWLY_SUPPORTED_DATATYPE. cV=r3DMvkpG5qSSKLKjKrcBpb}
{"logTime": "0416/165104", "correlationVector":"r3DMvkpG5qSSKLKjKrcBpb.1","action":"SyncServerConnectionManagerRequest", "result":"SYNC_SERVER_OK", "context":{"environment":"Prod_southeastasia_prod-s01-064-apac-southeastasia", "migrationStage":"NotStarted", "server":"akswtt00000000g"}}
{"logTime": "0416/165104", "correlationVector":"r3DMvkpG5qSSKLKjKrcBpb.2","action":"ProcessGetUpdates", "result":"Done", "context":{"dataType":"History", "deleted":"0", "process_failed_to_decrypt":"0", "process_pending_decryption":"0", "process_success":"250", "total":"250"}}
{"logTime": "0416/165104", "correlationVector":"r3DMvkpG5qSSKLKjKrcBpb.3","action":"GetUpdates Response", "result":"Success", "context":Received 250 update(s). cV=r3DMvkpG5qSSKLKjKrcBpb.0;server=akswtt00000000g;cloudType=Consumer;environment=Prod_southeastasia_prod-s01-064-apac-southeastasia;migrationStage=NotStarted Some updates remain.}
{"logTime": "0416/165104", "correlationVector":"eAz4t3y7yOTkxlsRAZN0wf","action":"Initial GetUpdates", "result":"", "context":Reason: NEWLY_SUPPORTED_DATATYPE. cV=eAz4t3y7yOTkxlsRAZN0wf}
{"logTime": "0416/165106", "correlationVector":"eAz4t3y7yOTkxlsRAZN0wf.1","action":"SyncServerConnectionManagerRequest", "result":"SYNC_SERVER_OK", "context":{"environment":"Prod_southeastasia_prod-s01-064-apac-southeastasia", "migrationStage":"NotStarted", "server":"akswtt00000000j"}}
{"logTime": "0416/165106", "correlationVector":"eAz4t3y7yOTkxlsRAZN0wf.2","action":"ProcessGetUpdates", "result":"Done", "context":{"dataType":"History", "deleted":"0", "process_failed_to_decrypt":"0", "process_pending_decryption":"0", "process_success":"250", "total":"250"}}
{"logTime": "0416/165106", "correlationVector":"eAz4t3y7yOTkxlsRAZN0wf.3","action":"GetUpdates Response", "result":"Success", "context":Received 250 update(s). cV=eAz4t3y7yOTkxlsRAZN0wf.0;server=akswtt00000000j;cloudType=Consumer;environment=Prod_southeastasia_prod-s01-064-apac-southeastasia;migrationStage=NotStarted Some updates remain.}
{"logTime": "0416/165106", "correlationVector":"Z3ZCHGaosiNQ6CuTORKXdE","action":"Initial GetUpdates", "result":"", "context":Reason: NEWLY_SUPPORTED_DATATYPE. cV=Z3ZCHGaosiNQ6CuTORKXdE}
{"logTime": "0416/165107", "correlationVector":"Z3ZCHGaosiNQ6CuTORKXdE.1","action":"SyncServerConnectionManagerRequest", "result":"SYNC_SERVER_OK", "context":{"environment":"Prod_southeastasia_prod-s01-064-apac-southeastasia", "migrationStage":"NotStarted", "server":"akswtt00000000l"}}
{"logTime": "0416/165107", "correlationVector":"Z3ZCHGaosiNQ6CuTORKXdE.2","action":"ProcessGetUpdates", "result":"Done", "context":{"dataType":"History", "deleted":"0", "process_failed_to_decrypt":"0", "process_pending_decryption":"0", "process_success":"250", "total":"250"}}
{"logTime": "0416/165107", "correlationVector":"Z3ZCHGaosiNQ6CuTORKXdE.3","action":"GetUpdates Response", "result":"Success", "context":Received 250 update(s). cV=Z3ZCHGaosiNQ6CuTORKXdE.0;server=akswtt00000000l;cloudType=Consumer;environment=Prod_southeastasia_prod-s01-064-apac-southeastasia;migrationStage=NotStarted Some updates remain.}
{"logTime": "0416/165107", "correlationVector":"x92Zv39+GvmLGyQd7L4tL5","action":"Initial GetUpdates", "result":"", "context":Reason: NEWLY_SUPPORTED_DATATYPE. cV=x92Zv39+GvmLGyQd7L4tL5}
{"logTime": "0416/165108", "correlationVector":"x92Zv39+GvmLGyQd7L4tL5.1","action":"SyncServerConnectionManagerRequest", "result":"SYNC_SERVER_OK", "context":{"environment":"Prod_southeastasia_prod-s01-064-apac-southeastasia", "migrationStage":"NotStarted", "server":"akswtt000000003"}}
{"logTime": "0416/165108", "correlationVector":"x92Zv39+GvmLGyQd7L4tL5.2","action":"ProcessGetUpdates", "result":"Done", "context":{"dataType":"History", "deleted":"0", "process_failed_to_decrypt":"0", "process_pending_decryption":"0", "process_success":"250", "total":"250"}}
{"logTime": "0416/165108", "correlationVector":"x92Zv39+GvmLGyQd7L4tL5.3","action":"GetUpdates Response", "result":"Success", "context":Received 250 update(s). cV=x92Zv39+GvmLGyQd7L4tL5.0;server=akswtt000000003;cloudType=Consumer;environment=Prod_southeastasia_prod-s01-064-apac-southeastasia;migrationStage=NotStarted Some updates remain.}
{"logTime": "0416/165108", "correlationVector":"DagDdFCs2wjKxT1pPr23tI","action":"Initial GetUpdates", "result":"", "context":Reason: NEWLY_SUPPORTED_DATATYPE. cV=DagDdFCs2wjKxT1pPr23tI}
{"logTime": "0416/165109", "correlationVector":"DagDdFCs2wjKxT1pPr23tI.1","action":"SyncServerConnectionManagerRequest", "result":"SYNC_SERVER_OK", "context":{"environment":"Prod_southeastasia_prod-s01-064-apac-southeastasia", "migrationStage":"NotStarted", "server":"akswtt00000000d"}}
{"logTime": "0416/165109", "correlationVector":"DagDdFCs2wjKxT1pPr23tI.2","action":"ProcessGetUpdates", "result":"Done", "context":{"dataType":"History", "deleted":"0", "process_failed_to_decrypt":"0", "process_pending_decryption":"0", "process_success":"250", "total":"250"}}
{"logTime": "0416/165109", "correlationVector":"DagDdFCs2wjKxT1pPr23tI.3","action":"GetUpdates Response", "result":"Success", "context":Received 250 update(s). cV=DagDdFCs2wjKxT1pPr23tI.0;server=akswtt00000000d;cloudType=Consumer;environment=Prod_southeastasia_prod-s01-064-apac-southeastasia;migrationStage=NotStarted Some updates remain.}
{"logTime": "0416/165109", "correlationVector":"ReTGN8USoT41sHNSUGd2V4","action":"Initial GetUpdates", "result":"", "context":Reason: NEWLY_SUPPORTED_DATATYPE. cV=ReTGN8USoT41sHNSUGd2V4}
{"logTime": "0416/165110", "correlationVector":"ReTGN8USoT41sHNSUGd2V4.1","action":"SyncServerConnectionManagerRequest", "result":"SYNC_SERVER_OK", "context":{"environment":"Prod_southeastasia_prod-s01-064-apac-southeastasia", "migrationStage":"NotStarted", "server":"akswtt00000000q"}}
{"logTime": "0416/165110", "correlationVector":"ReTGN8USoT41sHNSUGd2V4.2","action":"ProcessGetUpdates", "result":"Done", "context":{"dataType":"History", "deleted":"0", "process_failed_to_decrypt":"0", "process_pending_decryption":"0", "process_success":"250", "total":"250"}}
{"logTime": "0416/165110", "correlationVector":"ReTGN8USoT41sHNSUGd2V4.3","action":"GetUpdates Response", "result":"Success", "context":Received 250 update(s). cV=ReTGN8USoT41sHNSUGd2V4.0;server=akswtt00000000q;cloudType=Consumer;environment=Prod_southeastasia_prod-s01-064-apac-southeastasia;migrationStage=NotStarted Some updates remain.}
{"logTime": "0416/165110", "correlationVector":"r7L2j7pqO2+VrN3sS/Z6QG","action":"Initial GetUpdates", "result":"", "context":Reason: NEWLY_SUPPORTED_DATATYPE. cV=r7L2j7pqO2+VrN3sS/Z6QG}
{"logTime": "0416/165111", "correlationVector":"r7L2j7pqO2+VrN3sS/Z6QG.1","action":"SyncServerConnectionManagerRequest", "result":"SYNC_SERVER_OK", "context":{"environment":"Prod_southeastasia_prod-s01-064-apac-southeastasia", "migrationStage":"NotStarted", "server":"akswtt00000000l"}}
{"logTime": "0416/165111", "correlationVector":"r7L2j7pqO2+VrN3sS/Z6QG.2","action":"ProcessGetUpdates", "result":"Done", "context":{"dataType":"History", "deleted":"0", "process_failed_to_decrypt":"0", "process_pending_decryption":"0", "process_success":"78", "total":"78"}}
{"logTime": "0416/165111", "correlationVector":"r7L2j7pqO2+VrN3sS/Z6QG.3","action":"GetUpdates Response", "result":"Success", "context":Received 78 update(s). cV=r7L2j7pqO2+VrN3sS/Z6QG.0;server=akswtt00000000l;cloudType=Consumer;environment=Prod_southeastasia_prod-s01-064-apac-southeastasia;migrationStage=NotStarted}
{"logTime": "0416/165111", "correlationVector":"/VuBnowUEKewxJO2oxyA0/","action":"Normal GetUpdate request", "result":"", "context":cV=/VuBnowUEKewxJO2oxyA0/
Nudged types: Preferences, Passwords, Sessions, Device Info, History
Refresh requested types: Bookmarks, Preferences, Passwords, Autofill Profiles, Autofill, Extensions, Sessions, Extension settings, History Delete Directives, Device Info, User Consents, Send Tab To Self, Web Apps, History, Saved Tab Group, WebAuthn Credentials, Collection, Edge E Drop, Edge Hub App Usage, Edge Wallet, Edge Workspace, Encryption Keys}
{"logTime": "0416/165111", "correlationVector":"/VuBnowUEKewxJO2oxyA0/.1","action":"SyncServerConnectionManagerRequest", "result":"SYNC_SERVER_OK", "context":{"environment":"Prod_southeastasia_prod-s01-064-apac-southeastasia", "migrationStage":"NotStarted", "server":"akswtt00000000c"}}
{"logTime": "0416/165111", "correlationVector":"/VuBnowUEKewxJO2oxyA0/.2","action":"GetUpdates Response", "result":"Success", "context":Received 0 update(s). cV=/VuBnowUEKewxJO2oxyA0/.0;server=akswtt00000000c;cloudType=Consumer;environment=Prod_southeastasia_prod-s01-064-apac-southeastasia;migrationStage=NotStarted}
{"logTime": "0416/165111", "correlationVector":"l4LbldzXZLeGpIDvrlAXRf","action":"Commit Request", "result":"", "context":Item count: 40
Contributing types: Passwords}
{"logTime": "0416/165115", "correlationVector":"l4LbldzXZLeGpIDvrlAXRf.1","action":"SyncServerConnectionManagerRequest", "result":"SYNC_SERVER_OK", "context":{"environment":"Prod_southeastasia_prod-s01-064-apac-southeastasia", "migrationStage":"NotStarted", "server":"akswtt00000000j"}}
{"logTime": "0416/165115", "correlationVector":"l4LbldzXZLeGpIDvrlAXRf.2","action":"Commit Response", "result":"Success", "context":Result: Success. cV=l4LbldzXZLeGpIDvrlAXRf.0;server=akswtt00000000j;cloudType=Consumer;environment=Prod_southeastasia_prod-s01-064-apac-southeastasia;migrationStage=NotStarted}
{"logTime": "0416/165115", "correlationVector":"CMM5f/FuDvgT2V29Hrkj4o","action":"Commit Request", "result":"", "context":Item count: 40
Contributing types: Passwords}
{"logTime": "0416/165119", "correlationVector":"CMM5f/FuDvgT2V29Hrkj4o.1","action":"SyncServerConnectionManagerRequest", "result":"SYNC_SERVER_OK", "context":{"environment":"Prod_southeastasia_prod-s01-064-apac-southeastasia", "migrationStage":"NotStarted", "server":"akswtt00000000n"}}
{"logTime": "0416/165119", "correlationVector":"CMM5f/FuDvgT2V29Hrkj4o.2","action":"Commit Response", "result":"Success", "context":Result: Success. cV=CMM5f/FuDvgT2V29Hrkj4o.0;server=akswtt00000000n;cloudType=Consumer;environment=Prod_southeastasia_prod-s01-064-apac-southeastasia;migrationStage=NotStarted}
{"logTime": "0416/165119", "correlationVector":"0vbqMnmS8x0Uw2kcgXq7B3","action":"Commit Request", "result":"", "context":Item count: 29
Contributing types: Preferences, Passwords, Sessions, Device Info, History}
{"logTime": "0416/165123", "correlationVector":"0vbqMnmS8x0Uw2kcgXq7B3.1","action":"SyncServerConnectionManagerRequest", "result":"SYNC_SERVER_OK", "context":{"environment":"Prod_southeastasia_prod-s01-064-apac-southeastasia", "migrationStage":"NotStarted", "server":"akswtt00000000r"}}
{"logTime": "0416/165123", "correlationVector":"0vbqMnmS8x0Uw2kcgXq7B3.2","action":"Commit Response", "result":"Success", "context":Result: Success. cV=0vbqMnmS8x0Uw2kcgXq7B3.0;server=akswtt00000000r;cloudType=Consumer;environment=Prod_southeastasia_prod-s01-064-apac-southeastasia;migrationStage=NotStarted}
{"logTime": "0416/165254", "correlationVector":"4gUWdoOduND07jXA3VXkf8","action":"Commit Request", "result":"", "context":Item count: 6
Contributing types: Sessions, History}
{"logTime": "0416/165255", "correlationVector":"4gUWdoOduND07jXA3VXkf8.1","action":"SyncServerConnectionManagerRequest", "result":"SYNC_SERVER_OK", "context":{"environment":"Prod_southeastasia_prod-s01-064-apac-southeastasia", "migrationStage":"NotStarted", "server":"akswtt00000000n"}}
{"logTime": "0416/165255", "correlationVector":"4gUWdoOduND07jXA3VXkf8.2","action":"Commit Response", "result":"Success", "context":Result: Success. cV=4gUWdoOduND07jXA3VXkf8.0;server=akswtt00000000n;cloudType=Consumer;environment=Prod_southeastasia_prod-s01-064-apac-southeastasia;migrationStage=NotStarted}
{"logTime": "0416/165404", "correlationVector":"nrSQ/Ay5vL1RykmjKuIOvH","action":"Commit Request", "result":"", "context":Item count: 19
Contributing types: Sessions, History}
{"logTime": "0416/165405", "correlationVector":"nrSQ/Ay5vL1RykmjKuIOvH.1","action":"SyncServerConnectionManagerRequest", "result":"SYNC_SERVER_OK", "context":{"environment":"Prod_southeastasia_prod-s01-064-apac-southeastasia", "migrationStage":"NotStarted", "server":"akswtt00000000c"}}
{"logTime": "0416/165405", "correlationVector":"nrSQ/Ay5vL1RykmjKuIOvH.2","action":"Commit Response", "result":"Success", "context":Result: Success. cV=nrSQ/Ay5vL1RykmjKuIOvH.0;server=akswtt00000000c;cloudType=Consumer;environment=Prod_southeastasia_prod-s01-064-apac-southeastasia;migrationStage=NotStarted}
{"logTime": "0416/165653", "correlationVector":"5ZHvlIzI8mmWN7BoIh3+FH","action":"Normal GetUpdate request", "result":"", "context":cV=5ZHvlIzI8mmWN7BoIh3+FH
Notified types: History}
{"logTime": "0416/165654", "correlationVector":"5ZHvlIzI8mmWN7BoIh3+FH.1","action":"SyncServerConnectionManagerRequest", "result":"SYNC_SERVER_OK", "context":{"environment":"Prod_southeastasia_prod-s01-064-apac-southeastasia", "migrationStage":"NotStarted", "server":"akswtt00000000n"}}
{"logTime": "0416/165654", "correlationVector":"5ZHvlIzI8mmWN7BoIh3+FH.2","action":"ProcessGetUpdates", "result":"Done", "context":{"dataType":"Preferences", "deleted":"0", "process_failed_to_decrypt":"0", "process_pending_decryption":"0", "process_success":"2", "total":"2"}}
{"logTime": "0416/165654", "correlationVector":"5ZHvlIzI8mmWN7BoIh3+FH.3","action":"ProcessGetUpdates", "result":"Done", "context":{"dataType":"Passwords", "deleted":"0", "process_failed_to_decrypt":"0", "process_pending_decryption":"0", "process_success":"103", "total":"103"}}
{"logTime": "0416/165654", "correlationVector":"5ZHvlIzI8mmWN7BoIh3+FH.4","action":"ProcessGetUpdates", "result":"Done", "context":{"dataType":"Sessions", "deleted":"0", "process_failed_to_decrypt":"0", "process_pending_decryption":"0", "process_success":"6", "total":"6"}}
{"logTime": "0416/165654", "correlationVector":"5ZHvlIzI8mmWN7BoIh3+FH.5","action":"ProcessGetUpdates", "result":"Done", "context":{"dataType":"Device Info", "deleted":"0", "process_failed_to_decrypt":"0", "process_pending_decryption":"0", "process_success":"1", "total":"1"}}
{"logTime": "0416/165654", "correlationVector":"5ZHvlIzI8mmWN7BoIh3+FH.6","action":"ProcessGetUpdates", "result":"Done", "context":{"dataType":"History", "deleted":"0", "process_failed_to_decrypt":"0", "process_pending_decryption":"0", "process_success":"29", "total":"29"}}
{"logTime": "0416/165654", "correlationVector":"5ZHvlIzI8mmWN7BoIh3+FH.7","action":"GetUpdates Response", "result":"Success", "context":Received 141 update(s). cV=5ZHvlIzI8mmWN7BoIh3+FH.0;server=akswtt00000000n;cloudType=Consumer;environment=Prod_southeastasia_prod-s01-064-apac-southeastasia;migrationStage=NotStarted}
{"logTime": "0416/165807", "correlationVector":"O6utvTEMpdjntLjGbKhr7i","action":"Normal GetUpdate request", "result":"", "context":cV=O6utvTEMpdjntLjGbKhr7i
Notified types: History}
{"logTime": "0416/165808", "correlationVector":"O6utvTEMpdjntLjGbKhr7i.1","action":"SyncServerConnectionManagerRequest", "result":"SYNC_SERVER_OK", "context":{"environment":"Prod_southeastasia_prod-s01-064-apac-southeastasia", "migrationStage":"NotStarted", "server":"akswtt00000000n"}}
{"logTime": "0416/165808", "correlationVector":"O6utvTEMpdjntLjGbKhr7i.2","action":"ProcessGetUpdates", "result":"Done", "context":{"dataType":"Sessions", "deleted":"0", "process_failed_to_decrypt":"0", "process_pending_decryption":"0", "process_success":"1", "total":"1"}}
{"logTime": "0416/165808", "correlationVector":"O6utvTEMpdjntLjGbKhr7i.3","action":"ProcessGetUpdates", "result":"Done", "context":{"dataType":"History", "deleted":"0", "process_failed_to_decrypt":"0", "process_pending_decryption":"0", "process_success":"5", "total":"5"}}
{"logTime": "0416/165808", "correlationVector":"O6utvTEMpdjntLjGbKhr7i.4","action":"GetUpdates Response", "result":"Success", "context":Received 6 update(s). cV=O6utvTEMpdjntLjGbKhr7i.0;server=akswtt00000000n;cloudType=Consumer;environment=Prod_southeastasia_prod-s01-064-apac-southeastasia;migrationStage=NotStarted}
{"logTime": "0416/170012", "correlationVector":"29tW8MRJIR5hwWE/YSq/h4","action":"Normal GetUpdate request", "result":"", "context":cV=29tW8MRJIR5hwWE/YSq/h4
Notified types: History}
{"logTime": "0416/170013", "correlationVector":"29tW8MRJIR5hwWE/YSq/h4.1","action":"SyncServerConnectionManagerRequest", "result":"SYNC_SERVER_OK", "context":{"environment":"Prod_southeastasia_prod-s01-064-apac-southeastasia", "migrationStage":"NotStarted", "server":"akswtt00000000m"}}
{"logTime": "0416/170013", "correlationVector":"29tW8MRJIR5hwWE/YSq/h4.2","action":"ProcessGetUpdates", "result":"Done", "context":{"dataType":"Sessions", "deleted":"0", "process_failed_to_decrypt":"0", "process_pending_decryption":"0", "process_success":"1", "total":"1"}}
{"logTime": "0416/170013", "correlationVector":"29tW8MRJIR5hwWE/YSq/h4.3","action":"ProcessGetUpdates", "result":"Done", "context":{"dataType":"History", "deleted":"0", "process_failed_to_decrypt":"0", "process_pending_decryption":"0", "process_success":"3", "total":"3"}}
{"logTime": "0416/170013", "correlationVector":"29tW8MRJIR5hwWE/YSq/h4.4","action":"GetUpdates Response", "result":"Success", "context":Received 4 update(s). cV=29tW8MRJIR5hwWE/YSq/h4.0;server=akswtt00000000m;cloudType=Consumer;environment=Prod_southeastasia_prod-s01-064-apac-southeastasia;migrationStage=NotStarted}
{"logTime": "0416/170118", "correlationVector":"Z2ecd/72B2DXvc/buRnn7z","action":"Normal GetUpdate request", "result":"", "context":cV=Z2ecd/72B2DXvc/buRnn7z
Notified types: History}
{"logTime": "0416/170119", "correlationVector":"Z2ecd/72B2DXvc/buRnn7z.1","action":"SyncServerConnectionManagerRequest", "result":"SYNC_SERVER_OK", "context":{"environment":"Prod_southeastasia_prod-s01-064-apac-southeastasia", "migrationStage":"NotStarted", "server":"akswtt000000001"}}
{"logTime": "0416/170119", "correlationVector":"Z2ecd/72B2DXvc/buRnn7z.2","action":"ProcessGetUpdates", "result":"Done", "context":{"dataType":"Sessions", "deleted":"0", "process_failed_to_decrypt":"0", "process_pending_decryption":"0", "process_success":"3", "total":"3"}}
{"logTime": "0416/170119", "correlationVector":"Z2ecd/72B2DXvc/buRnn7z.3","action":"ProcessGetUpdates", "result":"Done", "context":{"dataType":"History", "deleted":"0", "process_failed_to_decrypt":"0", "process_pending_decryption":"0", "process_success":"2", "total":"2"}}
{"logTime": "0416/170119", "correlationVector":"Z2ecd/72B2DXvc/buRnn7z.4","action":"GetUpdates Response", "result":"Success", "context":Received 5 update(s). cV=Z2ecd/72B2DXvc/buRnn7z.0;server=akswtt000000001;cloudType=Consumer;environment=Prod_southeastasia_prod-s01-064-apac-southeastasia;migrationStage=NotStarted}
{"logTime": "0416/170221", "correlationVector":"Z8rW2F4UblKtiQUSNGij1H","action":"Normal GetUpdate request", "result":"", "context":cV=Z8rW2F4UblKtiQUSNGij1H
Notified types: History}
{"logTime": "0416/170221", "correlationVector":"Z8rW2F4UblKtiQUSNGij1H.1","action":"SyncServerConnectionManagerRequest", "result":"SYNC_SERVER_OK", "context":{"environment":"Prod_southeastasia_prod-s01-064-apac-southeastasia", "migrationStage":"NotStarted", "server":"akswtt00000000k"}}
{"logTime": "0416/170221", "correlationVector":"Z8rW2F4UblKtiQUSNGij1H.2","action":"ProcessGetUpdates", "result":"Done", "context":{"dataType":"Sessions", "deleted":"0", "process_failed_to_decrypt":"0", "process_pending_decryption":"0", "process_success":"5", "total":"5"}}
{"logTime": "0416/170221", "correlationVector":"Z8rW2F4UblKtiQUSNGij1H.3","action":"ProcessGetUpdates", "result":"Done", "context":{"dataType":"History", "deleted":"0", "process_failed_to_decrypt":"0", "process_pending_decryption":"0", "process_success":"6", "total":"6"}}
{"logTime": "0416/170221", "correlationVector":"Z8rW2F4UblKtiQUSNGij1H.4","action":"GetUpdates Response", "result":"Success", "context":Received 11 update(s). cV=Z8rW2F4UblKtiQUSNGij1H.0;server=akswtt00000000k;cloudType=Consumer;environment=Prod_southeastasia_prod-s01-064-apac-southeastasia;migrationStage=NotStarted}
{"logTime": "0416/170322", "correlationVector":"1KOD3TLibmhCdWG1kuBewP","action":"Normal GetUpdate request", "result":"", "context":cV=1KOD3TLibmhCdWG1kuBewP
Notified types: History}
{"logTime": "0416/170322", "correlationVector":"1KOD3TLibmhCdWG1kuBewP.1","action":"SyncServerConnectionManagerRequest", "result":"SYNC_SERVER_OK", "context":{"environment":"Prod_southeastasia_prod-s01-064-apac-southeastasia", "migrationStage":"NotStarted", "server":"akswtt00000000i"}}
{"logTime": "0416/170322", "correlationVector":"1KOD3TLibmhCdWG1kuBewP.2","action":"ProcessGetUpdates", "result":"Done", "context":{"dataType":"Sessions", "deleted":"2", "process_failed_to_decrypt":"0", "process_pending_decryption":"0", "process_success":"4", "total":"4"}}
{"logTime": "0416/170322", "correlationVector":"1KOD3TLibmhCdWG1kuBewP.3","action":"ProcessGetUpdates", "result":"Done", "context":{"dataType":"History", "deleted":"0", "process_failed_to_decrypt":"0", "process_pending_decryption":"0", "process_success":"1", "total":"1"}}
{"logTime": "0416/170322", "correlationVector":"1KOD3TLibmhCdWG1kuBewP.4","action":"GetUpdates Response", "result":"Success", "context":Received 5 update(s). cV=1KOD3TLibmhCdWG1kuBewP.0;server=akswtt00000000i;cloudType=Consumer;environment=Prod_southeastasia_prod-s01-064-apac-southeastasia;migrationStage=NotStarted}
{"logTime": "0416/171054", "correlationVector":"5zXsCWQjieK3X05SLmPjjC","action":"Commit Request", "result":"", "context":Item count: 6
Contributing types: Sessions, History}
{"logTime": "0416/171055", "correlationVector":"5zXsCWQjieK3X05SLmPjjC.1","action":"SyncServerConnectionManagerRequest", "result":"SYNC_SERVER_OK", "context":{"environment":"Prod_southeastasia_prod-s01-064-apac-southeastasia", "migrationStage":"NotStarted", "server":"akswtt00000000a"}}
{"logTime": "0416/171055", "correlationVector":"5zXsCWQjieK3X05SLmPjjC.3","action":"Commit.Sessions", "result":"Success", "context":{"id":"f2d8f142-93db-4dc3-ab22-00ee5b997363", "isDeleted":"true", "size":"0", "version":"1776358443750"}}
{"logTime": "0416/171055", "correlationVector":"5zXsCWQjieK3X05SLmPjjC.2","action":"Commit Response", "result":"Success", "context":Result: Success. cV=5zXsCWQjieK3X05SLmPjjC.0;server=akswtt00000000a;cloudType=Consumer;environment=Prod_southeastasia_prod-s01-064-apac-southeastasia;migrationStage=NotStarted}
{"logTime": "0416/171351", "correlationVector":"YDza5QY7FJ8CP9FwjWr2qn","action":"Commit Request", "result":"", "context":Item count: 1
Contributing types: Device Info}
{"logTime": "0416/171352", "correlationVector":"YDza5QY7FJ8CP9FwjWr2qn.1","action":"SyncServerConnectionManagerRequest", "result":"SYNC_SERVER_OK", "context":{"environment":"Prod_southeastasia_prod-s01-064-apac-southeastasia", "migrationStage":"NotStarted", "server":"akswtt00000000n"}}
{"logTime": "0416/171352", "correlationVector":"YDza5QY7FJ8CP9FwjWr2qn.2","action":"Commit Response", "result":"Success", "context":Result: Success. cV=YDza5QY7FJ8CP9FwjWr2qn.0;server=akswtt00000000n;cloudType=Consumer;environment=Prod_southeastasia_prod-s01-064-apac-southeastasia;migrationStage=NotStarted}
{"logTime": "0416/171354", "correlationVector":"AelbCiNxmlQKm5MqZo+vNo","action":"Commit Request", "result":"", "context":Item count: 3
Contributing types: Preferences, Sessions}
{"logTime": "0416/171355", "correlationVector":"AelbCiNxmlQKm5MqZo+vNo.1","action":"SyncServerConnectionManagerRequest", "result":"SYNC_SERVER_OK", "context":{"environment":"Prod_southeastasia_prod-s01-064-apac-southeastasia", "migrationStage":"NotStarted", "server":"akswtt00000000k"}}
{"logTime": "0416/171355", "correlationVector":"AelbCiNxmlQKm5MqZo+vNo.2","action":"Commit Response", "result":"Success", "context":Result: Success. cV=AelbCiNxmlQKm5MqZo+vNo.0;server=akswtt00000000k;cloudType=Consumer;environment=Prod_southeastasia_prod-s01-064-apac-southeastasia;migrationStage=NotStarted}
{"logTime": "0416/171413", "correlationVector":"47SzJaQIwAJsyQZHaVlYhN","action":"Commit Request", "result":"", "context":Item count: 2
Contributing types: Preferences, Device Info}
{"logTime": "0416/171414", "correlationVector":"47SzJaQIwAJsyQZHaVlYhN.1","action":"SyncServerConnectionManagerRequest", "result":"SYNC_SERVER_OK", "context":{"environment":"Prod_southeastasia_prod-s01-064-apac-southeastasia", "migrationStage":"NotStarted", "server":"akswtt00000000n"}}
{"logTime": "0416/171414", "correlationVector":"47SzJaQIwAJsyQZHaVlYhN.2","action":"Commit Response", "result":"Success", "context":Result: Success. cV=47SzJaQIwAJsyQZHaVlYhN.0;server=akswtt00000000n;cloudType=Consumer;environment=Prod_southeastasia_prod-s01-064-apac-southeastasia;migrationStage=NotStarted}
{"logTime": "0416/171459", "correlationVector":"HmWKmFym/qELYROcM16H0h","action":"Normal GetUpdate request", "result":"", "context":cV=HmWKmFym/qELYROcM16H0h
Notified types: History}
{"logTime": "0416/171459", "correlationVector":"HmWKmFym/qELYROcM16H0h.1","action":"SyncServerConnectionManagerRequest", "result":"SYNC_SERVER_OK", "context":{"environment":"Prod_southeastasia_prod-s01-064-apac-southeastasia", "migrationStage":"NotStarted", "server":"akswtt00000000k"}}
{"logTime": "0416/171459", "correlationVector":"HmWKmFym/qELYROcM16H0h.2","action":"ProcessGetUpdates", "result":"Done", "context":{"dataType":"Preferences", "deleted":"0", "process_failed_to_decrypt":"0", "process_pending_decryption":"0", "process_success":"2", "total":"2"}}
{"logTime": "0416/171459", "correlationVector":"HmWKmFym/qELYROcM16H0h.3","action":"ProcessGetUpdates", "result":"Done", "context":{"dataType":"Sessions", "deleted":"1", "process_failed_to_decrypt":"0", "process_pending_decryption":"0", "process_success":"8", "total":"8"}}
{"logTime": "0416/171459", "correlationVector":"HmWKmFym/qELYROcM16H0h.4","action":"ProcessGetUpdates", "result":"Done", "context":{"dataType":"Device Info", "deleted":"0", "process_failed_to_decrypt":"0", "process_pending_decryption":"0", "process_success":"1", "total":"1"}}
{"logTime": "0416/171459", "correlationVector":"HmWKmFym/qELYROcM16H0h.5","action":"ProcessGetUpdates", "result":"Done", "context":{"dataType":"History", "deleted":"0", "process_failed_to_decrypt":"0", "process_pending_decryption":"0", "process_success":"8", "total":"8"}}
{"logTime": "0416/171459", "correlationVector":"HmWKmFym/qELYROcM16H0h.6","action":"GetUpdates Response", "result":"Success", "context":Received 19 update(s). cV=HmWKmFym/qELYROcM16H0h.0;server=akswtt00000000k;cloudType=Consumer;environment=Prod_southeastasia_prod-s01-064-apac-southeastasia;migrationStage=NotStarted}
{"logTime": "0416/171611", "correlationVector":"8Lzjle3fedAoQctEcXgjnA","action":"Normal GetUpdate request", "result":"", "context":cV=8Lzjle3fedAoQctEcXgjnA
Notified types: History}
{"logTime": "0416/171611", "correlationVector":"8Lzjle3fedAoQctEcXgjnA.1","action":"SyncServerConnectionManagerRequest", "result":"SYNC_SERVER_OK", "context":{"environment":"Prod_southeastasia_prod-s01-064-apac-southeastasia", "migrationStage":"NotStarted", "server":"akswtt00000000s"}}
{"logTime": "0416/171611", "correlationVector":"8Lzjle3fedAoQctEcXgjnA.2","action":"ProcessGetUpdates", "result":"Done", "context":{"dataType":"Sessions", "deleted":"0", "process_failed_to_decrypt":"0", "process_pending_decryption":"0", "process_success":"3", "total":"3"}}
{"logTime": "0416/171611", "correlationVector":"8Lzjle3fedAoQctEcXgjnA.3","action":"ProcessGetUpdates", "result":"Done", "context":{"dataType":"History", "deleted":"0", "process_failed_to_decrypt":"0", "process_pending_decryption":"0", "process_success":"4", "total":"4"}}
{"logTime": "0416/171611", "correlationVector":"8Lzjle3fedAoQctEcXgjnA.4","action":"GetUpdates Response", "result":"Success", "context":Received 7 update(s). cV=8Lzjle3fedAoQctEcXgjnA.0;server=akswtt00000000s;cloudType=Consumer;environment=Prod_southeastasia_prod-s01-064-apac-southeastasia;migrationStage=NotStarted}
{"logTime": "0416/172013", "correlationVector":"J1G9mXmrINn4abK5qvfM/t","action":"Commit Request", "result":"", "context":Item count: 1
Contributing types: Sessions}
{"logTime": "0416/172014", "correlationVector":"J1G9mXmrINn4abK5qvfM/t.1","action":"SyncServerConnectionManagerRequest", "result":"SYNC_SERVER_OK", "context":{"environment":"Prod_southeastasia_prod-s01-064-apac-southeastasia", "migrationStage":"NotStarted", "server":"akswtt00000000m"}}
{"logTime": "0416/172014", "correlationVector":"J1G9mXmrINn4abK5qvfM/t.2","action":"Commit Response", "result":"Success", "context":Result: Success. cV=J1G9mXmrINn4abK5qvfM/t.0;server=akswtt00000000m;cloudType=Consumer;environment=Prod_southeastasia_prod-s01-064-apac-southeastasia;migrationStage=NotStarted}
{"logTime": "0416/172136", "correlationVector":"6DA6o4fDTVJTzk3J/nXVFM","action":"Commit Request", "result":"", "context":Item count: 3
Contributing types: Sessions, History}
{"logTime": "0416/172137", "correlationVector":"6DA6o4fDTVJTzk3J/nXVFM.1","action":"SyncServerConnectionManagerRequest", "result":"SYNC_SERVER_OK", "context":{"environment":"Prod_southeastasia_prod-s01-064-apac-southeastasia", "migrationStage":"NotStarted", "server":"akswtt000000003"}}
{"logTime": "0416/172137", "correlationVector":"6DA6o4fDTVJTzk3J/nXVFM.2","action":"Commit Response", "result":"Success", "context":Result: Success. cV=6DA6o4fDTVJTzk3J/nXVFM.0;server=akswtt000000003;cloudType=Consumer;environment=Prod_southeastasia_prod-s01-064-apac-southeastasia;migrationStage=NotStarted}
{"logTime": "0416/172531", "correlationVector":"DONxiq3KjcZD+CfoE3yGFm","action":"Commit Request", "result":"", "context":Item count: 1
Contributing types: Sessions}
{"logTime": "0416/172531", "correlationVector":"DONxiq3KjcZD+CfoE3yGFm.1","action":"SyncServerConnectionManagerRequest", "result":"SYNC_SERVER_OK", "context":{"environment":"Prod_southeastasia_prod-s01-064-apac-southeastasia", "migrationStage":"NotStarted", "server":"akswtt000000000"}}
{"logTime": "0416/172531", "correlationVector":"DONxiq3KjcZD+CfoE3yGFm.2","action":"Commit Response", "result":"Success", "context":Result: Success. cV=DONxiq3KjcZD+CfoE3yGFm.0;server=akswtt000000000;cloudType=Consumer;environment=Prod_southeastasia_prod-s01-064-apac-southeastasia;migrationStage=NotStarted}
{"logTime": "0416/172654", "correlationVector":"kzvn+ys85ga56k+nBJXxuU","action":"Commit Request", "result":"", "context":Item count: 7
Contributing types: Sessions, History}
{"logTime": "0416/172655", "correlationVector":"kzvn+ys85ga56k+nBJXxuU.1","action":"SyncServerConnectionManagerRequest", "result":"SYNC_SERVER_OK", "context":{"environment":"Prod_southeastasia_prod-s01-064-apac-southeastasia", "migrationStage":"NotStarted", "server":"akswtt000000009"}}
{"logTime": "0416/172655", "correlationVector":"kzvn+ys85ga56k+nBJXxuU.2","action":"Commit Response", "result":"Success", "context":Result: Success. cV=kzvn+ys85ga56k+nBJXxuU.0;server=akswtt000000009;cloudType=Consumer;environment=Prod_southeastasia_prod-s01-064-apac-southeastasia;migrationStage=NotStarted}
{"logTime": "0416/172924", "correlationVector":"svXH3noXZgEhyxMFUvHfes","action":"Normal GetUpdate request", "result":"", "context":cV=svXH3noXZgEhyxMFUvHfes
Notified types: History}
{"logTime": "0416/172925", "correlationVector":"svXH3noXZgEhyxMFUvHfes.1","action":"SyncServerConnectionManagerRequest", "result":"SYNC_SERVER_OK", "context":{"environment":"Prod_southeastasia_prod-s01-064-apac-southeastasia", "migrationStage":"NotStarted", "server":"akswtt00000000q"}}
{"logTime": "0416/172925", "correlationVector":"svXH3noXZgEhyxMFUvHfes.2","action":"ProcessGetUpdates", "result":"Done", "context":{"dataType":"Sessions", "deleted":"1", "process_failed_to_decrypt":"0", "process_pending_decryption":"0", "process_success":"8", "total":"8"}}
{"logTime": "0416/172925", "correlationVector":"svXH3noXZgEhyxMFUvHfes.3","action":"ProcessGetUpdates", "result":"Done", "context":{"dataType":"History", "deleted":"0", "process_failed_to_decrypt":"0", "process_pending_decryption":"0", "process_success":"14", "total":"14"}}
{"logTime": "0416/172925", "correlationVector":"svXH3noXZgEhyxMFUvHfes.4","action":"GetUpdates Response", "result":"Success", "context":Received 22 update(s). cV=svXH3noXZgEhyxMFUvHfes.0;server=akswtt00000000q;cloudType=Consumer;environment=Prod_southeastasia_prod-s01-064-apac-southeastasia;migrationStage=NotStarted}
